Archive member included to satisfy reference by file (symbol)

d:/0_program/stmicroelectronics/stm32cubeide_1.4.0/stm32cubeide/plugins/com.st.stm32cube.ide.mcu.externaltools.gnu-tools-for-stm32.7-2018-q2-update.win32_1.4.0.202007081208/tools/bin/../lib/gcc/arm-none-eabi/7.3.1/../../../../arm-none-eabi/lib/thumb/v7-m\libc_nano.a(lib_a-errno.o)
                              Src/syscalls.o (__errno)
d:/0_program/stmicroelectronics/stm32cubeide_1.4.0/stm32cubeide/plugins/com.st.stm32cube.ide.mcu.externaltools.gnu-tools-for-stm32.7-2018-q2-update.win32_1.4.0.202007081208/tools/bin/../lib/gcc/arm-none-eabi/7.3.1/../../../../arm-none-eabi/lib/thumb/v7-m\libc_nano.a(lib_a-exit.o)
                              d:/0_program/stmicroelectronics/stm32cubeide_1.4.0/stm32cubeide/plugins/com.st.stm32cube.ide.mcu.externaltools.gnu-tools-for-stm32.7-2018-q2-update.win32_1.4.0.202007081208/tools/bin/../lib/gcc/arm-none-eabi/7.3.1/../../../../arm-none-eabi/lib/thumb/v7-m/crt0.o (exit)
d:/0_program/stmicroelectronics/stm32cubeide_1.4.0/stm32cubeide/plugins/com.st.stm32cube.ide.mcu.externaltools.gnu-tools-for-stm32.7-2018-q2-update.win32_1.4.0.202007081208/tools/bin/../lib/gcc/arm-none-eabi/7.3.1/../../../../arm-none-eabi/lib/thumb/v7-m\libc_nano.a(lib_a-impure.o)
                              d:/0_program/stmicroelectronics/stm32cubeide_1.4.0/stm32cubeide/plugins/com.st.stm32cube.ide.mcu.externaltools.gnu-tools-for-stm32.7-2018-q2-update.win32_1.4.0.202007081208/tools/bin/../lib/gcc/arm-none-eabi/7.3.1/../../../../arm-none-eabi/lib/thumb/v7-m\libc_nano.a(lib_a-exit.o) (_global_impure_ptr)
d:/0_program/stmicroelectronics/stm32cubeide_1.4.0/stm32cubeide/plugins/com.st.stm32cube.ide.mcu.externaltools.gnu-tools-for-stm32.7-2018-q2-update.win32_1.4.0.202007081208/tools/bin/../lib/gcc/arm-none-eabi/7.3.1/../../../../arm-none-eabi/lib/thumb/v7-m\libc_nano.a(lib_a-init.o)
                              d:/0_program/stmicroelectronics/stm32cubeide_1.4.0/stm32cubeide/plugins/com.st.stm32cube.ide.mcu.externaltools.gnu-tools-for-stm32.7-2018-q2-update.win32_1.4.0.202007081208/tools/bin/../lib/gcc/arm-none-eabi/7.3.1/../../../../arm-none-eabi/lib/thumb/v7-m/crt0.o (__libc_init_array)
d:/0_program/stmicroelectronics/stm32cubeide_1.4.0/stm32cubeide/plugins/com.st.stm32cube.ide.mcu.externaltools.gnu-tools-for-stm32.7-2018-q2-update.win32_1.4.0.202007081208/tools/bin/../lib/gcc/arm-none-eabi/7.3.1/../../../../arm-none-eabi/lib/thumb/v7-m\libc_nano.a(lib_a-memcpy-stub.o)
                              Src/nyh_mLoop.o (memcpy)
d:/0_program/stmicroelectronics/stm32cubeide_1.4.0/stm32cubeide/plugins/com.st.stm32cube.ide.mcu.externaltools.gnu-tools-for-stm32.7-2018-q2-update.win32_1.4.0.202007081208/tools/bin/../lib/gcc/arm-none-eabi/7.3.1/../../../../arm-none-eabi/lib/thumb/v7-m\libc_nano.a(lib_a-memset.o)
                              d:/0_program/stmicroelectronics/stm32cubeide_1.4.0/stm32cubeide/plugins/com.st.stm32cube.ide.mcu.externaltools.gnu-tools-for-stm32.7-2018-q2-update.win32_1.4.0.202007081208/tools/bin/../lib/gcc/arm-none-eabi/7.3.1/../../../../arm-none-eabi/lib/thumb/v7-m/crt0.o (memset)

Allocating common symbols
Common symbol       size              file

hUsbDeviceFS        0x2c4             Src/usb_device.o
uwTick              0x4               Drivers/STM32F1xx_HAL_Driver/Src/stm32f1xx_hal.o
pFlash              0x20              Drivers/STM32F1xx_HAL_Driver/Src/stm32f1xx_hal_flash.o
UserRxBufferFS      0x3e8             Src/usbd_cdc_if.o
UserTxBufferFS      0x3e8             Src/usbd_cdc_if.o
htim2               0x48              Src/main.o
hpcd_USB_FS         0x2ec             Src/usbd_conf.o
USBD_StrDesc        0x200             Src/usbd_desc.o

Discarded input sections

 .text          0x0000000000000000        0x0 d:/0_program/stmicroelectronics/stm32cubeide_1.4.0/stm32cubeide/plugins/com.st.stm32cube.ide.mcu.externaltools.gnu-tools-for-stm32.7-2018-q2-update.win32_1.4.0.202007081208/tools/bin/../lib/gcc/arm-none-eabi/7.3.1/thumb/v7-m/crti.o
 .data          0x0000000000000000        0x0 d:/0_program/stmicroelectronics/stm32cubeide_1.4.0/stm32cubeide/plugins/com.st.stm32cube.ide.mcu.externaltools.gnu-tools-for-stm32.7-2018-q2-update.win32_1.4.0.202007081208/tools/bin/../lib/gcc/arm-none-eabi/7.3.1/thumb/v7-m/crti.o
 .bss           0x0000000000000000        0x0 d:/0_program/stmicroelectronics/stm32cubeide_1.4.0/stm32cubeide/plugins/com.st.stm32cube.ide.mcu.externaltools.gnu-tools-for-stm32.7-2018-q2-update.win32_1.4.0.202007081208/tools/bin/../lib/gcc/arm-none-eabi/7.3.1/thumb/v7-m/crti.o
 .data          0x0000000000000000        0x4 d:/0_program/stmicroelectronics/stm32cubeide_1.4.0/stm32cubeide/plugins/com.st.stm32cube.ide.mcu.externaltools.gnu-tools-for-stm32.7-2018-q2-update.win32_1.4.0.202007081208/tools/bin/../lib/gcc/arm-none-eabi/7.3.1/thumb/v7-m/crtbegin.o
[...]
Memory Configuration

Name             Origin             Length             Attributes
RAM              0x0000000020000000 0x0000000000005000 xrw
FLASH            0x0000000008000000 0x0000000000020000 xr
*default*        0x0000000000000000 0xffffffffffffffff

Linker script and memory map

LOAD d:/0_program/stmicroelectronics/stm32cubeide_1.4.0/stm32cubeide/plugins/com.st.stm32cube.ide.mcu.externaltools.gnu-tools-for-stm32.7-2018-q2-update.win32_1.4.0.202007081208/tools/bin/../lib/gcc/arm-none-eabi/7.3.1/thumb/v7-m/crti.o
LOAD d:/0_program/stmicroelectronics/stm32cubeide_1.4.0/stm32cubeide/plugins/com.st.stm32cube.ide.mcu.externaltools.gnu-tools-for-stm32.7-2018-q2-update.win32_1.4.0.202007081208/tools/bin/../lib/gcc/arm-none-eabi/7.3.1/thumb/v7-m/crtbegin.o
LOAD d:/0_program/stmicroelectronics/stm32cubeide_1.4.0/stm32cubeide/plugins/com.st.stm32cube.ide.mcu.externaltools.gnu-tools-for-stm32.7-2018-q2-update.win32_1.4.0.202007081208/tools/bin/../lib/gcc/arm-none-eabi/7.3.1/../../../../arm-none-eabi/lib/thumb/v7-m/crt0.o
LOAD Drivers/STM32F1xx_HAL_Driver/Src/stm32f1xx_hal.o
LOAD Drivers/STM32F1xx_HAL_Driver/Src/stm32f1xx_hal_cortex.o
LOAD Drivers/STM32F1xx_HAL_Driver/Src/stm32f1xx_hal_dma.o
LOAD Drivers/STM32F1xx_HAL_Driver/Src/stm32f1xx_hal_exti.o
LOAD Drivers/STM32F1xx_HAL_Driver/Src/stm32f1xx_hal_flash.o
LOAD Drivers/STM32F1xx_HAL_Driver/Src/stm32f1xx_hal_flash_ex.o
LOAD Drivers/STM32F1xx_HAL_Driver/Src/stm32f1xx_hal_gpio.o
LOAD Drivers/STM32F1xx_HAL_Driver/Src/stm32f1xx_hal_gpio_ex.o
LOAD Drivers/STM32F1xx_HAL_Driver/Src/stm32f1xx_hal_pcd.o
LOAD Drivers/STM32F1xx_HAL_Driver/Src/stm32f1xx_hal_pcd_ex.o
LOAD Drivers/STM32F1xx_HAL_Driver/Src/stm32f1xx_hal_pwr.o
LOAD Drivers/STM32F1xx_HAL_Driver/Src/stm32f1xx_hal_rcc.o
LOAD Drivers/STM32F1xx_HAL_Driver/Src/stm32f1xx_hal_rcc_ex.o
LOAD Drivers/STM32F1xx_HAL_Driver/Src/stm32f1xx_hal_tim.o
LOAD Drivers/STM32F1xx_HAL_Driver/Src/stm32f1xx_hal_tim_ex.o
LOAD Drivers/STM32F1xx_HAL_Driver/Src/stm32f1xx_ll_usb.o
LOAD Middlewares/ST/STM32_USB_Device_Library/Class/CDC/Src/usbd_cdc.o
LOAD Middlewares/ST/STM32_USB_Device_Library/Core/Src/usbd_core.o
LOAD Middlewares/ST/STM32_USB_Device_Library/Core/Src/usbd_ctlreq.o
LOAD Middlewares/ST/STM32_USB_Device_Library/Core/Src/usbd_ioreq.o
LOAD Src/main.o
LOAD Src/nyh_mLoop.o
LOAD Src/stm32f1xx_hal_msp.o
LOAD Src/stm32f1xx_it.o
LOAD Src/syscalls.o
LOAD Src/sysmem.o
LOAD Src/system_stm32f1xx.o
LOAD Src/usb_device.o
LOAD Src/usbd_cdc_if.o
LOAD Src/usbd_conf.o
LOAD Src/usbd_desc.o
LOAD Startup/startup_stm32f103cbtx.o
START GROUP
LOAD d:/0_program/stmicroelectronics/stm32cubeide_1.4.0/stm32cubeide/plugins/com.st.stm32cube.ide.mcu.externaltools.gnu-tools-for-stm32.7-2018-q2-update.win32_1.4.0.202007081208/tools/bin/../lib/gcc/arm-none-eabi/7.3.1/../../../../arm-none-eabi/lib/thumb/v7-m\libc_nano.a
LOAD d:/0_program/stmicroelectronics/stm32cubeide_1.4.0/stm32cubeide/plugins/com.st.stm32cube.ide.mcu.externaltools.gnu-tools-for-stm32.7-2018-q2-update.win32_1.4.0.202007081208/tools/bin/../lib/gcc/arm-none-eabi/7.3.1/../../../../arm-none-eabi/lib/thumb/v7-m\libm.a
END GROUP
START GROUP
LOAD d:/0_program/stmicroelectronics/stm32cubeide_1.4.0/stm32cubeide/plugins/com.st.stm32cube.ide.mcu.externaltools.gnu-tools-for-stm32.7-2018-q2-update.win32_1.4.0.202007081208/tools/bin/../lib/gcc/arm-none-eabi/7.3.1/thumb/v7-m\libgcc.a
LOAD d:/0_program/stmicroelectronics/stm32cubeide_1.4.0/stm32cubeide/plugins/com.st.stm32cube.ide.mcu.externaltools.gnu-tools-for-stm32.7-2018-q2-update.win32_1.4.0.202007081208/tools/bin/../lib/gcc/arm-none-eabi/7.3.1/../../../../arm-none-eabi/lib/thumb/v7-m\libc_nano.a
END GROUP
START GROUP
LOAD d:/0_program/stmicroelectronics/stm32cubeide_1.4.0/stm32cubeide/plugins/com.st.stm32cube.ide.mcu.externaltools.gnu-tools-for-stm32.7-2018-q2-update.win32_1.4.0.202007081208/tools/bin/../lib/gcc/arm-none-eabi/7.3.1/thumb/v7-m\libgcc.a
LOAD d:/0_program/stmicroelectronics/stm32cubeide_1.4.0/stm32cubeide/plugins/com.st.stm32cube.ide.mcu.externaltools.gnu-tools-for-stm32.7-2018-q2-update.win32_1.4.0.202007081208/tools/bin/../lib/gcc/arm-none-eabi/7.3.1/../../../../arm-none-eabi/lib/thumb/v7-m\libc_nano.a
LOAD d:/0_program/stmicroelectronics/stm32cubeide_1.4.0/stm32cubeide/plugins/com.st.stm32cube.ide.mcu.externaltools.gnu-tools-for-stm32.7-2018-q2-update.win32_1.4.0.202007081208/tools/bin/../lib/gcc/arm-none-eabi/7.3.1/../../../../arm-none-eabi/lib/thumb/v7-m\libnosys.a
END GROUP
START GROUP
LOAD d:/0_program/stmicroelectronics/stm32cubeide_1.4.0/stm32cubeide/plugins/com.st.stm32cube.ide.mcu.externaltools.gnu-tools-for-stm32.7-2018-q2-update.win32_1.4.0.202007081208/tools/bin/../lib/gcc/arm-none-eabi/7.3.1/thumb/v7-m\libgcc.a
LOAD d:/0_program/stmicroelectronics/stm32cubeide_1.4.0/stm32cubeide/plugins/com.st.stm32cube.ide.mcu.externaltools.gnu-tools-for-stm32.7-2018-q2-update.win32_1.4.0.202007081208/tools/bin/../lib/gcc/arm-none-eabi/7.3.1/../../../../arm-none-eabi/lib/thumb/v7-m\libc_nano.a
LOAD d:/0_program/stmicroelectronics/stm32cubeide_1.4.0/stm32cubeide/plugins/com.st.stm32cube.ide.mcu.externaltools.gnu-tools-for-stm32.7-2018-q2-update.win32_1.4.0.202007081208/tools/bin/../lib/gcc/arm-none-eabi/7.3.1/../../../../arm-none-eabi/lib/thumb/v7-m\libnosys.a
END GROUP
LOAD d:/0_program/stmicroelectronics/stm32cubeide_1.4.0/stm32cubeide/plugins/com.st.stm32cube.ide.mcu.externaltools.gnu-tools-for-stm32.7-2018-q2-update.win32_1.4.0.202007081208/tools/bin/../lib/gcc/arm-none-eabi/7.3.1/thumb/v7-m/crtend.o
LOAD d:/0_program/stmicroelectronics/stm32cubeide_1.4.0/stm32cubeide/plugins/com.st.stm32cube.ide.mcu.externaltools.gnu-tools-for-stm32.7-2018-q2-update.win32_1.4.0.202007081208/tools/bin/../lib/gcc/arm-none-eabi/7.3.1/thumb/v7-m/crtn.o
                0x0000000020005000                _estack = (ORIGIN (RAM) + LENGTH (RAM))
                0x0000000000000200                _Min_Heap_Size = 0x200
                0x0000000000000400                _Min_Stack_Size = 0x400

.isr_vector     0x0000000008000000      0x10c
                0x0000000008000000                . = ALIGN (0x4)
 *(.isr_vector)
 .isr_vector    0x0000000008000000      0x10c Startup/startup_stm32f103cbtx.o
                0x0000000008000000                g_pfnVectors
                0x000000000800010c                . = ALIGN (0x4)

.text           0x000000000800010c     0x7564
                0x000000000800010c                . = ALIGN (0x4)
 *(.text)
 .text          0x000000000800010c       0x40 d:/0_program/stmicroelectronics/stm32cubeide_1.4.0/stm32cubeide/plugins/com.st.stm32cube.ide.mcu.externaltools.gnu-tools-for-stm32.7-2018-q2-update.win32_1.4.0.202007081208/tools/bin/../lib/gcc/arm-none-eabi/7.3.1/thumb/v7-m/crtbegin.o
 *(.text*)
 .text.HAL_Init
                0x000000000800014c       0x2c Drivers/STM32F1xx_HAL_Driver/Src/stm32f1xx_hal.o
                0x000000000800014c                HAL_Init
 .text.HAL_InitTick
                0x0000000008000178       0x60 Drivers/STM32F1xx_HAL_Driver/Src/stm32f1xx_hal.o
                0x0000000008000178                HAL_InitTick
 .text.HAL_IncTick
                0x00000000080001d8       0x24 Drivers/STM32F1xx_HAL_Driver/Src/stm32f1xx_hal.o
                0x00000000080001d8                HAL_IncTick
 .text.HAL_GetTick
                0x00000000080001fc       0x14 Drivers/STM32F1xx_HAL_Driver/Src/stm32f1xx_hal.o
                0x00000000080001fc                HAL_GetTick
 .text.__NVIC_SetPriorityGrouping
                0x0000000008000210       0x48 Drivers/STM32F1xx_HAL_Driver/Src/stm32f1xx_hal_cortex.o
 .text.__NVIC_GetPriorityGrouping
                0x0000000008000258       0x1c Drivers/STM32F1xx_HAL_Driver/Src/stm32f1xx_hal_cortex.o
 .text.__NVIC_EnableIRQ
                0x0000000008000274       0x38 Drivers/STM32F1xx_HAL_Driver/Src/stm32f1xx_hal_cortex.o
 .text.__NVIC_SetPriority
                0x00000000080002ac       0x54 Drivers/STM32F1xx_HAL_Driver/Src/stm32f1xx_hal_cortex.o
 .text.NVIC_EncodePriority
                0x0000000008000300       0x64 Drivers/STM32F1xx_HAL_Driver/Src/stm32f1xx_hal_cortex.o
 .text.SysTick_Config
                0x0000000008000364       0x44 Drivers/STM32F1xx_HAL_Driver/Src/stm32f1xx_hal_cortex.o
 .text.HAL_NVIC_SetPriorityGrouping
                0x00000000080003a8       0x16 Drivers/STM32F1xx_HAL_Driver/Src/stm32f1xx_hal_cortex.o
                0x00000000080003a8                HAL_NVIC_SetPriorityGrouping
 .text.HAL_NVIC_SetPriority
                0x00000000080003be       0x38 Drivers/STM32F1xx_HAL_Driver/Src/stm32f1xx_hal_cortex.o
                0x00000000080003be                HAL_NVIC_SetPriority
 .text.HAL_NVIC_EnableIRQ
                0x00000000080003f6       0x1c Drivers/STM32F1xx_HAL_Driver/Src/stm32f1xx_hal_cortex.o
                0x00000000080003f6                HAL_NVIC_EnableIRQ
 .text.HAL_SYSTICK_Config
                0x0000000008000412       0x18 Drivers/STM32F1xx_HAL_Driver/Src/stm32f1xx_hal_cortex.o
                0x0000000008000412                HAL_SYSTICK_Config
 *fill*         0x000000000800042a        0x2 
 .text.HAL_GPIO_Init
                0x000000000800042c      0x2b4 Drivers/STM32F1xx_HAL_Driver/Src/stm32f1xx_hal_gpio.o
                0x000000000800042c                HAL_GPIO_Init
 .text.HAL_GPIO_ReadPin
                0x00000000080006e0       0x2e Drivers/STM32F1xx_HAL_Driver/Src/stm32f1xx_hal_gpio.o
                0x00000000080006e0                HAL_GPIO_ReadPin
 .text.HAL_GPIO_WritePin
                0x000000000800070e       0x30 Drivers/STM32F1xx_HAL_Driver/Src/stm32f1xx_hal_gpio.o
                0x000000000800070e                HAL_GPIO_WritePin
 .text.HAL_PCD_Init
                0x000000000800073e      0x216 Drivers/STM32F1xx_HAL_Driver/Src/stm32f1xx_hal_pcd.o
                0x000000000800073e                HAL_PCD_Init
 .text.HAL_PCD_Start
                0x0000000008000954       0x4c Drivers/STM32F1xx_HAL_Driver/Src/stm32f1xx_hal_pcd.o
                0x0000000008000954                HAL_PCD_Start
 .text.HAL_PCD_IRQHandler
                0x00000000080009a0      0x2aa Drivers/STM32F1xx_HAL_Driver/Src/stm32f1xx_hal_pcd.o
                0x00000000080009a0                HAL_PCD_IRQHandler
 .text.HAL_PCD_SetAddress
                0x0000000008000c4a       0x4a Drivers/STM32F1xx_HAL_Driver/Src/stm32f1xx_hal_pcd.o
                0x0000000008000c4a                HAL_PCD_SetAddress
 .text.HAL_PCD_EP_Open
                0x0000000008000c94       0xcc Drivers/STM32F1xx_HAL_Driver/Src/stm32f1xx_hal_pcd.o
                0x0000000008000c94                HAL_PCD_EP_Open
 .text.HAL_PCD_EP_Close
                0x0000000008000d60       0x90 Drivers/STM32F1xx_HAL_Driver/Src/stm32f1xx_hal_pcd.o
                0x0000000008000d60                HAL_PCD_EP_Close
 .text.HAL_PCD_EP_Receive
                0x0000000008000df0       0x7a Drivers/STM32F1xx_HAL_Driver/Src/stm32f1xx_hal_pcd.o
                0x0000000008000df0                HAL_PCD_EP_Receive
 .text.HAL_PCD_EP_GetRxCount
                0x0000000008000e6a       0x2e Drivers/STM32F1xx_HAL_Driver/Src/stm32f1xx_hal_pcd.o
                0x0000000008000e6a                HAL_PCD_EP_GetRxCount
 .text.HAL_PCD_EP_Transmit
                0x0000000008000e98       0x86 Drivers/STM32F1xx_HAL_Driver/Src/stm32f1xx_hal_pcd.o
                0x0000000008000e98                HAL_PCD_EP_Transmit
 .text.HAL_PCD_EP_SetStall
                0x0000000008000f1e       0xc0 Drivers/STM32F1xx_HAL_Driver/Src/stm32f1xx_hal_pcd.o
                0x0000000008000f1e                HAL_PCD_EP_SetStall
 .text.HAL_PCD_EP_ClrStall
                0x0000000008000fde       0xa8 Drivers/STM32F1xx_HAL_Driver/Src/stm32f1xx_hal_pcd.o
                0x0000000008000fde                HAL_PCD_EP_ClrStall
 .text.PCD_EP_ISR_Handler
                0x0000000008001086      0x5e6 Drivers/STM32F1xx_HAL_Driver/Src/stm32f1xx_hal_pcd.o
 .text.HAL_PCD_EP_DB_Receive
                0x000000000800166c      0x21a Drivers/STM32F1xx_HAL_Driver/Src/stm32f1xx_hal_pcd.o
 .text.HAL_PCD_EP_DB_Transmit
                0x0000000008001886      0x53a Drivers/STM32F1xx_HAL_Driver/Src/stm32f1xx_hal_pcd.o
 .text.HAL_PCDEx_PMAConfig
                0x0000000008001dc0       0x84 Drivers/STM32F1xx_HAL_Driver/Src/stm32f1xx_hal_pcd_ex.o
                0x0000000008001dc0                HAL_PCDEx_PMAConfig
 .text.HAL_RCC_OscConfig
                0x0000000008001e44      0x500 Drivers/STM32F1xx_HAL_Driver/Src/stm32f1xx_hal_rcc.o
                0x0000000008001e44                HAL_RCC_OscConfig
 .text.HAL_RCC_ClockConfig
                0x0000000008002344      0x1d4 Drivers/STM32F1xx_HAL_Driver/Src/stm32f1xx_hal_rcc.o
                0x0000000008002344                HAL_RCC_ClockConfig
 .text.HAL_RCC_GetSysClockFreq
                0x0000000008002518       0xc4 Drivers/STM32F1xx_HAL_Driver/Src/stm32f1xx_hal_rcc.o
                0x0000000008002518                HAL_RCC_GetSysClockFreq
 .text.RCC_Delay
                0x00000000080025dc       0x3c Drivers/STM32F1xx_HAL_Driver/Src/stm32f1xx_hal_rcc.o
 .text.HAL_RCCEx_PeriphCLKConfig
                0x0000000008002618      0x16c Drivers/STM32F1xx_HAL_Driver/Src/stm32f1xx_hal_rcc_ex.o
                0x0000000008002618                HAL_RCCEx_PeriphCLKConfig
 .text.HAL_TIM_Base_Init
                0x0000000008002784       0x9e Drivers/STM32F1xx_HAL_Driver/Src/stm32f1xx_hal_tim.o
                0x0000000008002784                HAL_TIM_Base_Init
 *fill*         0x0000000008002822        0x2 
 .text.HAL_TIM_Base_Start_IT
                0x0000000008002824       0xa4 Drivers/STM32F1xx_HAL_Driver/Src/stm32f1xx_hal_tim.o
                0x0000000008002824                HAL_TIM_Base_Start_IT
 .text.HAL_TIM_IRQHandler
                0x00000000080028c8      0x210 Drivers/STM32F1xx_HAL_Driver/Src/stm32f1xx_hal_tim.o
                0x00000000080028c8                HAL_TIM_IRQHandler
 .text.HAL_TIM_ConfigClockSource
                0x0000000008002ad8      0x16e Drivers/STM32F1xx_HAL_Driver/Src/stm32f1xx_hal_tim.o
                0x0000000008002ad8                HAL_TIM_ConfigClockSource
 .text.HAL_TIM_PeriodElapsedCallback
                0x0000000008002c46       0x12 Drivers/STM32F1xx_HAL_Driver/Src/stm32f1xx_hal_tim.o
                0x0000000008002c46                HAL_TIM_PeriodElapsedCallback
 .text.HAL_TIM_OC_DelayElapsedCallback
                0x0000000008002c58       0x12 Drivers/STM32F1xx_HAL_Driver/Src/stm32f1xx_hal_tim.o
                0x0000000008002c58                HAL_TIM_OC_DelayElapsedCallback
 .text.HAL_TIM_IC_CaptureCallback
                0x0000000008002c6a       0x12 Drivers/STM32F1xx_HAL_Driver/Src/stm32f1xx_hal_tim.o
                0x0000000008002c6a                HAL_TIM_IC_CaptureCallback
 .text.HAL_TIM_PWM_PulseFinishedCallback
                0x0000000008002c7c       0x12 Drivers/STM32F1xx_HAL_Driver/Src/stm32f1xx_hal_tim.o
                0x0000000008002c7c                HAL_TIM_PWM_PulseFinishedCallback
 .text.HAL_TIM_TriggerCallback
                0x0000000008002c8e       0x12 Drivers/STM32F1xx_HAL_Driver/Src/stm32f1xx_hal_tim.o
                0x0000000008002c8e                HAL_TIM_TriggerCallback
 .text.TIM_Base_SetConfig
                0x0000000008002ca0       0xc4 Drivers/STM32F1xx_HAL_Driver/Src/stm32f1xx_hal_tim.o
                0x0000000008002ca0                TIM_Base_SetConfig
 .text.TIM_TI1_ConfigInputStage
                0x0000000008002d64       0x5c Drivers/STM32F1xx_HAL_Driver/Src/stm32f1xx_hal_tim.o
 .text.TIM_TI2_ConfigInputStage
                0x0000000008002dc0       0x5e Drivers/STM32F1xx_HAL_Driver/Src/stm32f1xx_hal_tim.o
 .text.TIM_ITRx_SetConfig
                0x0000000008002e1e       0x34 Drivers/STM32F1xx_HAL_Driver/Src/stm32f1xx_hal_tim.o
 .text.TIM_ETR_SetConfig
                0x0000000008002e52       0x3e Drivers/STM32F1xx_HAL_Driver/Src/stm32f1xx_hal_tim.o
                0x0000000008002e52                TIM_ETR_SetConfig
 .text.HAL_TIMEx_MasterConfigSynchronization
                0x0000000008002e90       0xbc Drivers/STM32F1xx_HAL_Driver/Src/stm32f1xx_hal_tim_ex.o
                0x0000000008002e90                HAL_TIMEx_MasterConfigSynchronization
 .text.HAL_TIMEx_CommutCallback
                0x0000000008002f4c       0x12 Drivers/STM32F1xx_HAL_Driver/Src/stm32f1xx_hal_tim_ex.o
                0x0000000008002f4c                HAL_TIMEx_CommutCallback
 .text.HAL_TIMEx_BreakCallback
                0x0000000008002f5e       0x12 Drivers/STM32F1xx_HAL_Driver/Src/stm32f1xx_hal_tim_ex.o
                0x0000000008002f5e                HAL_TIMEx_BreakCallback
 .text.USB_CoreInit
                0x0000000008002f70       0x20 Drivers/STM32F1xx_HAL_Driver/Src/stm32f1xx_ll_usb.o
                0x0000000008002f70                USB_CoreInit
 .text.USB_EnableGlobalInt
                0x0000000008002f90       0x2c Drivers/STM32F1xx_HAL_Driver/Src/stm32f1xx_ll_usb.o
                0x0000000008002f90                USB_EnableGlobalInt
 .text.USB_DisableGlobalInt
                0x0000000008002fbc       0x34 Drivers/STM32F1xx_HAL_Driver/Src/stm32f1xx_ll_usb.o
                0x0000000008002fbc                USB_DisableGlobalInt
 .text.USB_SetCurrentMode
                0x0000000008002ff0       0x18 Drivers/STM32F1xx_HAL_Driver/Src/stm32f1xx_ll_usb.o
                0x0000000008002ff0                USB_SetCurrentMode
 .text.USB_DevInit
                0x0000000008003008       0x40 Drivers/STM32F1xx_HAL_Driver/Src/stm32f1xx_ll_usb.o
                0x0000000008003008                USB_DevInit
 .text.USB_ActivateEndpoint
                0x0000000008003048      0x6d4 Drivers/STM32F1xx_HAL_Driver/Src/stm32f1xx_ll_usb.o
                0x0000000008003048                USB_ActivateEndpoint
 .text.USB_DeactivateEndpoint
                0x000000000800371c      0x3d8 Drivers/STM32F1xx_HAL_Driver/Src/stm32f1xx_ll_usb.o
                0x000000000800371c                USB_DeactivateEndpoint
 .text.USB_EPStartXfer
                0x0000000008003af4     0x1240 Drivers/STM32F1xx_HAL_Driver/Src/stm32f1xx_ll_usb.o
                0x0000000008003af4                USB_EPStartXfer
 .text.USB_EPSetStall
                0x0000000008004d34       0xa0 Drivers/STM32F1xx_HAL_Driver/Src/stm32f1xx_ll_usb.o
                0x0000000008004d34                USB_EPSetStall
 .text.USB_EPClearStall
                0x0000000008004dd4      0x15a Drivers/STM32F1xx_HAL_Driver/Src/stm32f1xx_ll_usb.o
                0x0000000008004dd4                USB_EPClearStall
 .text.USB_SetDevAddress
                0x0000000008004f2e       0x26 Drivers/STM32F1xx_HAL_Driver/Src/stm32f1xx_ll_usb.o
                0x0000000008004f2e                USB_SetDevAddress
 .text.USB_DevConnect
                0x0000000008004f54       0x14 Drivers/STM32F1xx_HAL_Driver/Src/stm32f1xx_ll_usb.o
                0x0000000008004f54                USB_DevConnect
 .text.USB_DevDisconnect
                0x0000000008004f68       0x14 Drivers/STM32F1xx_HAL_Driver/Src/stm32f1xx_ll_usb.o
                0x0000000008004f68                USB_DevDisconnect
 .text.USB_ReadInterrupts
                0x0000000008004f7c       0x1e Drivers/STM32F1xx_HAL_Driver/Src/stm32f1xx_ll_usb.o
                0x0000000008004f7c                USB_ReadInterrupts
 .text.USB_EP0_OutStart
                0x0000000008004f9a       0x16 Drivers/STM32F1xx_HAL_Driver/Src/stm32f1xx_ll_usb.o
                0x0000000008004f9a                USB_EP0_OutStart
 .text.USB_WritePMA
                0x0000000008004fb0       0x88 Drivers/STM32F1xx_HAL_Driver/Src/stm32f1xx_ll_usb.o
                0x0000000008004fb0                USB_WritePMA
 .text.USB_ReadPMA
                0x0000000008005038       0x9e Drivers/STM32F1xx_HAL_Driver/Src/stm32f1xx_ll_usb.o
                0x0000000008005038                USB_ReadPMA
 .text.USBD_CDC_Init
                0x00000000080050d6       0xf4 Middlewares/ST/STM32_USB_Device_Library/Class/CDC/Src/usbd_cdc.o
 .text.USBD_CDC_DeInit
                0x00000000080051ca       0x6e Middlewares/ST/STM32_USB_Device_Library/Class/CDC/Src/usbd_cdc.o
 .text.USBD_CDC_Setup
                0x0000000008005238      0x140 Middlewares/ST/STM32_USB_Device_Library/Class/CDC/Src/usbd_cdc.o
 .text.USBD_CDC_DataIn
                0x0000000008005378       0xa6 Middlewares/ST/STM32_USB_Device_Library/Class/CDC/Src/usbd_cdc.o
 .text.USBD_CDC_DataOut
                0x000000000800541e       0x56 Middlewares/ST/STM32_USB_Device_Library/Class/CDC/Src/usbd_cdc.o
 .text.USBD_CDC_EP0_RxReady
                0x0000000008005474       0x50 Middlewares/ST/STM32_USB_Device_Library/Class/CDC/Src/usbd_cdc.o
 .text.USBD_CDC_GetFSCfgDesc
                0x00000000080054c4       0x20 Middlewares/ST/STM32_USB_Device_Library/Class/CDC/Src/usbd_cdc.o
 .text.USBD_CDC_GetHSCfgDesc
                0x00000000080054e4       0x20 Middlewares/ST/STM32_USB_Device_Library/Class/CDC/Src/usbd_cdc.o
 .text.USBD_CDC_GetOtherSpeedCfgDesc
                0x0000000008005504       0x20 Middlewares/ST/STM32_USB_Device_Library/Class/CDC/Src/usbd_cdc.o
 .text.USBD_CDC_GetDeviceQualifierDescriptor
                0x0000000008005524       0x20 Middlewares/ST/STM32_USB_Device_Library/Class/CDC/Src/usbd_cdc.o
                0x0000000008005524                USBD_CDC_GetDeviceQualifierDescriptor
 .text.USBD_CDC_RegisterInterface
                0x0000000008005544       0x2c Middlewares/ST/STM32_USB_Device_Library/Class/CDC/Src/usbd_cdc.o
                0x0000000008005544                USBD_CDC_RegisterInterface
 .text.USBD_CDC_SetTxBuffer
                0x0000000008005570       0x32 Middlewares/ST/STM32_USB_Device_Library/Class/CDC/Src/usbd_cdc.o
                0x0000000008005570                USBD_CDC_SetTxBuffer
 .text.USBD_CDC_SetRxBuffer
                0x00000000080055a2       0x26 Middlewares/ST/STM32_USB_Device_Library/Class/CDC/Src/usbd_cdc.o
                0x00000000080055a2                USBD_CDC_SetRxBuffer
 .text.USBD_CDC_TransmitPacket
                0x00000000080055c8       0x5e Middlewares/ST/STM32_USB_Device_Library/Class/CDC/Src/usbd_cdc.o
                0x00000000080055c8                USBD_CDC_TransmitPacket
 .text.USBD_CDC_ReceivePacket
                0x0000000008005626       0x54 Middlewares/ST/STM32_USB_Device_Library/Class/CDC/Src/usbd_cdc.o
                0x0000000008005626                USBD_CDC_ReceivePacket
 .text.USBD_Init
                0x000000000800567a       0x56 Middlewares/ST/STM32_USB_Device_Library/Core/Src/usbd_core.o
                0x000000000800567a                USBD_Init
 .text.USBD_RegisterClass
                0x00000000080056d0       0x32 Middlewares/ST/STM32_USB_Device_Library/Core/Src/usbd_core.o
                0x00000000080056d0                USBD_RegisterClass
 .text.USBD_Start
                0x0000000008005702       0x18 Middlewares/ST/STM32_USB_Device_Library/Core/Src/usbd_core.o
                0x0000000008005702                USBD_Start
 .text.USBD_RunTestMode
                0x000000000800571a       0x14 Middlewares/ST/STM32_USB_Device_Library/Core/Src/usbd_core.o
                0x000000000800571a                USBD_RunTestMode
 .text.USBD_SetClassConfig
                0x000000000800572e       0x3e Middlewares/ST/STM32_USB_Device_Library/Core/Src/usbd_core.o
                0x000000000800572e                USBD_SetClassConfig
 .text.USBD_ClrClassConfig
                0x000000000800576c       0x26 Middlewares/ST/STM32_USB_Device_Library/Core/Src/usbd_core.o
                0x000000000800576c                USBD_ClrClassConfig
 .text.USBD_LL_SetupStage
                0x0000000008005792       0x96 Middlewares/ST/STM32_USB_Device_Library/Core/Src/usbd_core.o
                0x0000000008005792                USBD_LL_SetupStage
 .text.USBD_LL_DataOutStage
                0x0000000008005828       0xe2 Middlewares/ST/STM32_USB_Device_Library/Core/Src/usbd_core.o
                0x0000000008005828                USBD_LL_DataOutStage
 .text.USBD_LL_DataInStage
                0x000000000800590a      0x14a Middlewares/ST/STM32_USB_Device_Library/Core/Src/usbd_core.o
                0x000000000800590a                USBD_LL_DataInStage
 .text.USBD_LL_Reset
                0x0000000008005a54       0x82 Middlewares/ST/STM32_USB_Device_Library/Core/Src/usbd_core.o
                0x0000000008005a54                USBD_LL_Reset
 .text.USBD_LL_SetSpeed
                0x0000000008005ad6       0x1e Middlewares/ST/STM32_USB_Device_Library/Core/Src/usbd_core.o
                0x0000000008005ad6                USBD_LL_SetSpeed
 .text.USBD_LL_Suspend
                0x0000000008005af4       0x28 Middlewares/ST/STM32_USB_Device_Library/Core/Src/usbd_core.o
                0x0000000008005af4                USBD_LL_Suspend
 .text.USBD_LL_Resume
                0x0000000008005b1c       0x2a Middlewares/ST/STM32_USB_Device_Library/Core/Src/usbd_core.o
                0x0000000008005b1c                USBD_LL_Resume
 .text.USBD_LL_SOF
                0x0000000008005b46       0x34 Middlewares/ST/STM32_USB_Device_Library/Core/Src/usbd_core.o
                0x0000000008005b46                USBD_LL_SOF
 *fill*         0x0000000008005b7a        0x2 
 .text.USBD_StdDevReq
                0x0000000008005b7c       0xd4 Middlewares/ST/STM32_USB_Device_Library/Core/Src/usbd_ctlreq.o
                0x0000000008005b7c                USBD_StdDevReq
 .text.USBD_StdItfReq
                0x0000000008005c50       0x8c Middlewares/ST/STM32_USB_Device_Library/Core/Src/usbd_ctlreq.o
                0x0000000008005c50                USBD_StdItfReq
 .text.USBD_StdEPReq
                0x0000000008005cdc      0x2ba Middlewares/ST/STM32_USB_Device_Library/Core/Src/usbd_ctlreq.o
                0x0000000008005cdc                USBD_StdEPReq
 *fill*         0x0000000008005f96        0x2 
 .text.USBD_GetDescriptor
                0x0000000008005f98      0x2d0 Middlewares/ST/STM32_USB_Device_Library/Core/Src/usbd_ctlreq.o
 .text.USBD_SetAddress
                0x0000000008006268       0x84 Middlewares/ST/STM32_USB_Device_Library/Core/Src/usbd_ctlreq.o
 .text.USBD_SetConfig
                0x00000000080062ec      0x11c Middlewares/ST/STM32_USB_Device_Library/Core/Src/usbd_ctlreq.o
 .text.USBD_GetConfig
                0x0000000008006408       0x68 Middlewares/ST/STM32_USB_Device_Library/Core/Src/usbd_ctlreq.o
 .text.USBD_GetStatus
                0x0000000008006470       0x66 Middlewares/ST/STM32_USB_Device_Library/Core/Src/usbd_ctlreq.o
 .text.USBD_SetFeature
                0x00000000080064d6       0x28 Middlewares/ST/STM32_USB_Device_Library/Core/Src/usbd_ctlreq.o
 .text.USBD_ClrFeature
                0x00000000080064fe       0x42 Middlewares/ST/STM32_USB_Device_Library/Core/Src/usbd_ctlreq.o
 .text.USBD_ParseSetupRequest
                0x0000000008006540       0x78 Middlewares/ST/STM32_USB_Device_Library/Core/Src/usbd_ctlreq.o
                0x0000000008006540                USBD_ParseSetupRequest
 .text.USBD_CtlError
                0x00000000080065b8       0x22 Middlewares/ST/STM32_USB_Device_Library/Core/Src/usbd_ctlreq.o
                0x00000000080065b8                USBD_CtlError
 .text.USBD_GetString
                0x00000000080065da       0x84 Middlewares/ST/STM32_USB_Device_Library/Core/Src/usbd_ctlreq.o
                0x00000000080065da                USBD_GetString
 .text.USBD_GetLen
                0x000000000800665e       0x2e Middlewares/ST/STM32_USB_Device_Library/Core/Src/usbd_ctlreq.o
 .text.USBD_CtlSendData
                0x000000000800668c       0x38 Middlewares/ST/STM32_USB_Device_Library/Core/Src/usbd_ioreq.o
                0x000000000800668c                USBD_CtlSendData
 .text.USBD_CtlContinueSendData
                0x00000000080066c4       0x24 Middlewares/ST/STM32_USB_Device_Library/Core/Src/usbd_ioreq.o
                0x00000000080066c4                USBD_CtlContinueSendData
 .text.USBD_CtlPrepareRx
                0x00000000080066e8       0x3c Middlewares/ST/STM32_USB_Device_Library/Core/Src/usbd_ioreq.o
                0x00000000080066e8                USBD_CtlPrepareRx
 .text.USBD_CtlContinueRx
                0x0000000008006724       0x24 Middlewares/ST/STM32_USB_Device_Library/Core/Src/usbd_ioreq.o
                0x0000000008006724                USBD_CtlContinueRx
 .text.USBD_CtlSendStatus
                0x0000000008006748       0x26 Middlewares/ST/STM32_USB_Device_Library/Core/Src/usbd_ioreq.o
                0x0000000008006748                USBD_CtlSendStatus
 .text.USBD_CtlReceiveStatus
                0x000000000800676e       0x26 Middlewares/ST/STM32_USB_Device_Library/Core/Src/usbd_ioreq.o
                0x000000000800676e                USBD_CtlReceiveStatus
 .text.main     0x0000000008006794       0x28 Src/main.o
                0x0000000008006794                main
 .text.SystemClock_Config
                0x00000000080067bc       0xb4 Src/main.o
                0x00000000080067bc                SystemClock_Config
 .text.MX_TIM2_Init
                0x0000000008006870       0x98 Src/main.o
 .text.MX_GPIO_Init
                0x0000000008006908       0xd8 Src/main.o
 .text.Error_Handler
                0x00000000080069e0        0xc Src/main.o
                0x00000000080069e0                Error_Handler
 .text.nyh_mLoop
                0x00000000080069ec       0x6c Src/nyh_mLoop.o
                0x00000000080069ec                nyh_mLoop
 .text.iTIM2_lifeLED
                0x0000000008006a58       0x60 Src/nyh_mLoop.o
                0x0000000008006a58                iTIM2_lifeLED
 .text.nyh_TIM2_IRQHandler
                0x0000000008006ab8       0x20 Src/nyh_mLoop.o
                0x0000000008006ab8                nyh_TIM2_IRQHandler
 .text.nyh_HAL_PCD_IRQHandler
                0x0000000008006ad8       0x50 Src/nyh_mLoop.o
                0x0000000008006ad8                nyh_HAL_PCD_IRQHandler
 .text.HAL_MspInit
                0x0000000008006b28       0x64 Src/stm32f1xx_hal_msp.o
                0x0000000008006b28                HAL_MspInit
 .text.HAL_TIM_Base_MspInit
                0x0000000008006b8c       0x48 Src/stm32f1xx_hal_msp.o
                0x0000000008006b8c                HAL_TIM_Base_MspInit
 .text.NMI_Handler
                0x0000000008006bd4        0xc Src/stm32f1xx_it.o
                0x0000000008006bd4                NMI_Handler
 .text.HardFault_Handler
                0x0000000008006be0        0x6 Src/stm32f1xx_it.o
                0x0000000008006be0                HardFault_Handler
 .text.MemManage_Handler
                0x0000000008006be6        0x6 Src/stm32f1xx_it.o
                0x0000000008006be6                MemManage_Handler
 .text.BusFault_Handler
                0x0000000008006bec        0x6 Src/stm32f1xx_it.o
                0x0000000008006bec                BusFault_Handler
 .text.UsageFault_Handler
                0x0000000008006bf2        0x6 Src/stm32f1xx_it.o
                0x0000000008006bf2                UsageFault_Handler
 .text.SVC_Handler
                0x0000000008006bf8        0xc Src/stm32f1xx_it.o
                0x0000000008006bf8                SVC_Handler
 .text.DebugMon_Handler
                0x0000000008006c04        0xc Src/stm32f1xx_it.o
                0x0000000008006c04                DebugMon_Handler
 .text.PendSV_Handler
                0x0000000008006c10        0xc Src/stm32f1xx_it.o
                0x0000000008006c10                PendSV_Handler
 .text.SysTick_Handler
                0x0000000008006c1c        0xc Src/stm32f1xx_it.o
                0x0000000008006c1c                SysTick_Handler
 .text.USB_LP_CAN1_RX0_IRQHandler
                0x0000000008006c28       0x18 Src/stm32f1xx_it.o
                0x0000000008006c28                USB_LP_CAN1_RX0_IRQHandler
 .text.TIM2_IRQHandler
                0x0000000008006c40       0x18 Src/stm32f1xx_it.o
                0x0000000008006c40                TIM2_IRQHandler
 .text.SystemInit
                0x0000000008006c58        0xc Src/system_stm32f1xx.o
                0x0000000008006c58                SystemInit
 .text.MX_USB_DEVICE_Init
                0x0000000008006c64       0x60 Src/usb_device.o
                0x0000000008006c64                MX_USB_DEVICE_Init
 .text.CDC_Init_FS
                0x0000000008006cc4       0x28 Src/usbd_cdc_if.o
 .text.CDC_DeInit_FS
                0x0000000008006cec        0xe Src/usbd_cdc_if.o
 *fill*         0x0000000008006cfa        0x2 
 .text.CDC_Control_FS
                0x0000000008006cfc       0xbc Src/usbd_cdc_if.o
 .text.CDC_Receive_FS
                0x0000000008006db8       0x28 Src/usbd_cdc_if.o
 .text.CDC_Transmit_FS
                0x0000000008006de0       0x4c Src/usbd_cdc_if.o
                0x0000000008006de0                CDC_Transmit_FS
 .text.HAL_PCD_MspInit
                0x0000000008006e2c       0x4c Src/usbd_conf.o
                0x0000000008006e2c                HAL_PCD_MspInit
 .text.HAL_PCD_SetupStageCallback
                0x0000000008006e78       0x24 Src/usbd_conf.o
                0x0000000008006e78                HAL_PCD_SetupStageCallback
 .text.HAL_PCD_DataOutStageCallback
                0x0000000008006e9c       0x36 Src/usbd_conf.o
                0x0000000008006e9c                HAL_PCD_DataOutStageCallback
 .text.HAL_PCD_DataInStageCallback
                0x0000000008006ed2       0x34 Src/usbd_conf.o
                0x0000000008006ed2                HAL_PCD_DataInStageCallback
 .text.HAL_PCD_SOFCallback
                0x0000000008006f06       0x1c Src/usbd_conf.o
                0x0000000008006f06                HAL_PCD_SOFCallback
 .text.HAL_PCD_ResetCallback
                0x0000000008006f22       0x3c Src/usbd_conf.o
                0x0000000008006f22                HAL_PCD_ResetCallback
 *fill*         0x0000000008006f5e        0x2 
 .text.HAL_PCD_SuspendCallback
                0x0000000008006f60       0x34 Src/usbd_conf.o
                0x0000000008006f60                HAL_PCD_SuspendCallback
 .text.HAL_PCD_ResumeCallback
                0x0000000008006f94       0x1c Src/usbd_conf.o
                0x0000000008006f94                HAL_PCD_ResumeCallback
 .text.USBD_LL_Init
                0x0000000008006fb0       0xb4 Src/usbd_conf.o
                0x0000000008006fb0                USBD_LL_Init
 .text.USBD_LL_Start
                0x0000000008007064       0x36 Src/usbd_conf.o
                0x0000000008007064                USBD_LL_Start
 .text.USBD_LL_OpenEP
                0x000000000800709a       0x4c Src/usbd_conf.o
                0x000000000800709a                USBD_LL_OpenEP
 .text.USBD_LL_CloseEP
                0x00000000080070e6       0x3e Src/usbd_conf.o
                0x00000000080070e6                USBD_LL_CloseEP
 .text.USBD_LL_StallEP
                0x0000000008007124       0x3e Src/usbd_conf.o
                0x0000000008007124                USBD_LL_StallEP
 .text.USBD_LL_ClearStallEP
                0x0000000008007162       0x3e Src/usbd_conf.o
                0x0000000008007162                USBD_LL_ClearStallEP
 .text.USBD_LL_IsStallEP
                0x00000000080071a0       0x58 Src/usbd_conf.o
                0x00000000080071a0                USBD_LL_IsStallEP
 .text.USBD_LL_SetUSBAddress
                0x00000000080071f8       0x3e Src/usbd_conf.o
                0x00000000080071f8                USBD_LL_SetUSBAddress
 .text.USBD_LL_Transmit
                0x0000000008007236       0x46 Src/usbd_conf.o
                0x0000000008007236                USBD_LL_Transmit
 .text.USBD_LL_PrepareReceive
                0x000000000800727c       0x46 Src/usbd_conf.o
                0x000000000800727c                USBD_LL_PrepareReceive
 .text.USBD_LL_GetRxDataSize
                0x00000000080072c2       0x26 Src/usbd_conf.o
                0x00000000080072c2                USBD_LL_GetRxDataSize
 .text.USBD_static_malloc
                0x00000000080072e8       0x18 Src/usbd_conf.o
                0x00000000080072e8                USBD_static_malloc
 .text.USBD_static_free
                0x0000000008007300       0x12 Src/usbd_conf.o
                0x0000000008007300                USBD_static_free
 .text.HAL_PCDEx_SetConnectionState
                0x0000000008007312       0x16 Src/usbd_conf.o
                0x0000000008007312                HAL_PCDEx_SetConnectionState
 .text.USBD_Get_USB_Status
                0x0000000008007328       0x58 Src/usbd_conf.o
 .text.USBD_FS_DeviceDescriptor
                0x0000000008007380       0x24 Src/usbd_desc.o
                0x0000000008007380                USBD_FS_DeviceDescriptor
 .text.USBD_FS_LangIDStrDescriptor
                0x00000000080073a4       0x24 Src/usbd_desc.o
                0x00000000080073a4                USBD_FS_LangIDStrDescriptor
 .text.USBD_FS_ProductStrDescriptor
                0x00000000080073c8       0x3c Src/usbd_desc.o
                0x00000000080073c8                USBD_FS_ProductStrDescriptor
 .text.USBD_FS_ManufacturerStrDescriptor
                0x0000000008007404       0x28 Src/usbd_desc.o
                0x0000000008007404                USBD_FS_ManufacturerStrDescriptor
 .text.USBD_FS_SerialStrDescriptor
                0x000000000800742c       0x24 Src/usbd_desc.o
                0x000000000800742c                USBD_FS_SerialStrDescriptor
 .text.USBD_FS_ConfigStrDescriptor
                0x0000000008007450       0x3c Src/usbd_desc.o
                0x0000000008007450                USBD_FS_ConfigStrDescriptor
 .text.USBD_FS_InterfaceStrDescriptor
                0x000000000800748c       0x3c Src/usbd_desc.o
                0x000000000800748c                USBD_FS_InterfaceStrDescriptor
 .text.Get_SerialNum
                0x00000000080074c8       0x58 Src/usbd_desc.o
 .text.IntToUnicode
                0x0000000008007520       0x7a Src/usbd_desc.o
 *fill*         0x000000000800759a        0x2 
 .text.Reset_Handler
                0x000000000800759c       0x48 Startup/startup_stm32f103cbtx.o
                0x000000000800759c                Reset_Handler
 .text.Default_Handler
                0x00000000080075e4        0x2 Startup/startup_stm32f103cbtx.o
                0x00000000080075e4                RTC_Alarm_IRQHandler
                0x00000000080075e4                EXTI2_IRQHandler
                0x00000000080075e4                TIM1_CC_IRQHandler
                0x00000000080075e4                PVD_IRQHandler
                0x00000000080075e4                EXTI3_IRQHandler
                0x00000000080075e4                EXTI0_IRQHandler
                0x00000000080075e4                I2C2_EV_IRQHandler
                0x00000000080075e4                ADC1_2_IRQHandler
                0x00000000080075e4                SPI1_IRQHandler
                0x00000000080075e4                TAMPER_IRQHandler
                0x00000000080075e4                DMA1_Channel4_IRQHandler
                0x00000000080075e4                USART3_IRQHandler
                0x00000000080075e4                RTC_IRQHandler
                0x00000000080075e4                DMA1_Channel7_IRQHandler
                0x00000000080075e4                CAN1_RX1_IRQHandler
                0x00000000080075e4                TIM4_IRQHandler
                0x00000000080075e4                I2C1_EV_IRQHandler
                0x00000000080075e4                DMA1_Channel6_IRQHandler
                0x00000000080075e4                TIM3_IRQHandler
                0x00000000080075e4                RCC_IRQHandler
                0x00000000080075e4                TIM1_TRG_COM_IRQHandler
                0x00000000080075e4                DMA1_Channel1_IRQHandler
                0x00000000080075e4                Default_Handler
                0x00000000080075e4                EXTI15_10_IRQHandler
                0x00000000080075e4                EXTI9_5_IRQHandler
                0x00000000080075e4                SPI2_IRQHandler
                0x00000000080075e4                DMA1_Channel5_IRQHandler
                0x00000000080075e4                EXTI4_IRQHandler
                0x00000000080075e4                USB_HP_CAN1_TX_IRQHandler
                0x00000000080075e4                DMA1_Channel3_IRQHandler
                0x00000000080075e4                TIM1_UP_IRQHandler
                0x00000000080075e4                WWDG_IRQHandler
                0x00000000080075e4                TIM1_BRK_IRQHandler
                0x00000000080075e4                EXTI1_IRQHandler
                0x00000000080075e4                USART2_IRQHandler
                0x00000000080075e4                I2C2_ER_IRQHandler
                0x00000000080075e4                DMA1_Channel2_IRQHandler
                0x00000000080075e4                CAN1_SCE_IRQHandler
                0x00000000080075e4                FLASH_IRQHandler
                0x00000000080075e4                USART1_IRQHandler
                0x00000000080075e4                I2C1_ER_IRQHandler
                0x00000000080075e4                USBWakeUp_IRQHandler
 *fill*         0x00000000080075e6        0x2 
 .text.__libc_init_array
                0x00000000080075e8       0x48 d:/0_program/stmicroelectronics/stm32cubeide_1.4.0/stm32cubeide/plugins/com.st.stm32cube.ide.mcu.externaltools.gnu-tools-for-stm32.7-2018-q2-update.win32_1.4.0.202007081208/tools/bin/../lib/gcc/arm-none-eabi/7.3.1/../../../../arm-none-eabi/lib/thumb/v7-m\libc_nano.a(lib_a-init.o)
                0x00000000080075e8                __libc_init_array
 .text.memcpy   0x0000000008007630       0x16 d:/0_program/stmicroelectronics/stm32cubeide_1.4.0/stm32cubeide/plugins/com.st.stm32cube.ide.mcu.externaltools.gnu-tools-for-stm32.7-2018-q2-update.win32_1.4.0.202007081208/tools/bin/../lib/gcc/arm-none-eabi/7.3.1/../../../../arm-none-eabi/lib/thumb/v7-m\libc_nano.a(lib_a-memcpy-stub.o)
                0x0000000008007630                memcpy
 .text.memset   0x0000000008007646       0x10 d:/0_program/stmicroelectronics/stm32cubeide_1.4.0/stm32cubeide/plugins/com.st.stm32cube.ide.mcu.externaltools.gnu-tools-for-stm32.7-2018-q2-update.win32_1.4.0.202007081208/tools/bin/../lib/gcc/arm-none-eabi/7.3.1/../../../../arm-none-eabi/lib/thumb/v7-m\libc_nano.a(lib_a-memset.o)
                0x0000000008007646                memset
 *(.glue_7)
 .glue_7        0x0000000008007656        0x0 linker stubs
 *(.glue_7t)
 .glue_7t       0x0000000008007656        0x0 linker stubs
 *(.eh_frame)
 *fill*         0x0000000008007656        0x2 
 .eh_frame      0x0000000008007658        0x0 d:/0_program/stmicroelectronics/stm32cubeide_1.4.0/stm32cubeide/plugins/com.st.stm32cube.ide.mcu.externaltools.gnu-tools-for-stm32.7-2018-q2-update.win32_1.4.0.202007081208/tools/bin/../lib/gcc/arm-none-eabi/7.3.1/thumb/v7-m/crtbegin.o
 *(.init)
 .init          0x0000000008007658        0x4 d:/0_program/stmicroelectronics/stm32cubeide_1.4.0/stm32cubeide/plugins/com.st.stm32cube.ide.mcu.externaltools.gnu-tools-for-stm32.7-2018-q2-update.win32_1.4.0.202007081208/tools/bin/../lib/gcc/arm-none-eabi/7.3.1/thumb/v7-m/crti.o
                0x0000000008007658                _init
 .init          0x000000000800765c        0x8 d:/0_program/stmicroelectronics/stm32cubeide_1.4.0/stm32cubeide/plugins/com.st.stm32cube.ide.mcu.externaltools.gnu-tools-for-stm32.7-2018-q2-update.win32_1.4.0.202007081208/tools/bin/../lib/gcc/arm-none-eabi/7.3.1/thumb/v7-m/crtn.o
 *(.fini)
 .fini          0x0000000008007664        0x4 d:/0_program/stmicroelectronics/stm32cubeide_1.4.0/stm32cubeide/plugins/com.st.stm32cube.ide.mcu.externaltools.gnu-tools-for-stm32.7-2018-q2-update.win32_1.4.0.202007081208/tools/bin/../lib/gcc/arm-none-eabi/7.3.1/thumb/v7-m/crti.o
                0x0000000008007664                _fini
 .fini          0x0000000008007668        0x8 d:/0_program/stmicroelectronics/stm32cubeide_1.4.0/stm32cubeide/plugins/com.st.stm32cube.ide.mcu.externaltools.gnu-tools-for-stm32.7-2018-q2-update.win32_1.4.0.202007081208/tools/bin/../lib/gcc/arm-none-eabi/7.3.1/thumb/v7-m/crtn.o
                0x0000000008007670                . = ALIGN (0x4)
                0x0000000008007670                _etext = .

.vfp11_veneer   0x0000000008007670        0x0
 .vfp11_veneer  0x0000000008007670        0x0 linker stubs

.v4_bx          0x0000000008007670        0x0
 .v4_bx         0x0000000008007670        0x0 linker stubs

.iplt           0x0000000008007670        0x0
 .iplt          0x0000000008007670        0x0 d:/0_program/stmicroelectronics/stm32cubeide_1.4.0/stm32cubeide/plugins/com.st.stm32cube.ide.mcu.externaltools.gnu-tools-for-stm32.7-2018-q2-update.win32_1.4.0.202007081208/tools/bin/../lib/gcc/arm-none-eabi/7.3.1/thumb/v7-m/crtbegin.o

.rodata         0x0000000008007670       0x6c
                0x0000000008007670                . = ALIGN (0x4)
 *(.rodata)
 .rodata        0x0000000008007670       0x12 Drivers/STM32F1xx_HAL_Driver/Src/stm32f1xx_hal_rcc.o
 *fill*         0x0000000008007682        0x2 
 .rodata        0x0000000008007684       0x46 Src/usbd_desc.o
 *(.rodata*)
 *fill*         0x00000000080076ca        0x2 
 .rodata.AHBPrescTable
                0x00000000080076cc       0x10 Src/system_stm32f1xx.o
                0x00000000080076cc                AHBPrescTable
                0x00000000080076dc                . = ALIGN (0x4)

.rel.dyn        0x00000000080076dc        0x0
 .rel.iplt      0x00000000080076dc        0x0 d:/0_program/stmicroelectronics/stm32cubeide_1.4.0/stm32cubeide/plugins/com.st.stm32cube.ide.mcu.externaltools.gnu-tools-for-stm32.7-2018-q2-update.win32_1.4.0.202007081208/tools/bin/../lib/gcc/arm-none-eabi/7.3.1/thumb/v7-m/crtbegin.o

.ARM.extab      0x00000000080076dc        0x0
                0x00000000080076dc                . = ALIGN (0x4)
 *(.ARM.extab* .gnu.linkonce.armextab.*)
                0x00000000080076dc                . = ALIGN (0x4)

.ARM            0x00000000080076dc        0x0
                0x00000000080076dc                . = ALIGN (0x4)
                0x00000000080076dc                __exidx_start = .
 *(.ARM.exidx*)
                0x00000000080076dc                __exidx_end = .
                0x00000000080076dc                . = ALIGN (0x4)

.preinit_array  0x00000000080076dc        0x0
                0x00000000080076dc                . = ALIGN (0x4)
                0x00000000080076dc                PROVIDE (__preinit_array_start = .)
 *(.preinit_array*)
                0x00000000080076dc                PROVIDE (__preinit_array_end = .)
                0x00000000080076dc                . = ALIGN (0x4)

.init_array     0x00000000080076dc        0x4
                0x00000000080076dc                . = ALIGN (0x4)
                0x00000000080076dc                PROVIDE (__init_array_start = .)
 *(SORT_BY_NAME(.init_array.*))
 *(.init_array*)
 .init_array    0x00000000080076dc        0x4 d:/0_program/stmicroelectronics/stm32cubeide_1.4.0/stm32cubeide/plugins/com.st.stm32cube.ide.mcu.externaltools.gnu-tools-for-stm32.7-2018-q2-update.win32_1.4.0.202007081208/tools/bin/../lib/gcc/arm-none-eabi/7.3.1/thumb/v7-m/crtbegin.o
                0x00000000080076e0                PROVIDE (__init_array_end = .)
                0x00000000080076e0                . = ALIGN (0x4)

.fini_array     0x00000000080076e0        0x4
                0x00000000080076e0                . = ALIGN (0x4)
                [!provide]                        PROVIDE (__fini_array_start = .)
 *(SORT_BY_NAME(.fini_array.*))
 *(.fini_array*)
 .fini_array    0x00000000080076e0        0x4 d:/0_program/stmicroelectronics/stm32cubeide_1.4.0/stm32cubeide/plugins/com.st.stm32cube.ide.mcu.externaltools.gnu-tools-for-stm32.7-2018-q2-update.win32_1.4.0.202007081208/tools/bin/../lib/gcc/arm-none-eabi/7.3.1/thumb/v7-m/crtbegin.o
                [!provide]                        PROVIDE (__fini_array_end = .)
                0x00000000080076e4                . = ALIGN (0x4)
                0x00000000080076e4                _sidata = LOADADDR (.data)

.data           0x0000000020000000      0x180 load address 0x00000000080076e4
                0x0000000020000000                . = ALIGN (0x4)
                0x0000000020000000                _sdata = .
 *(.data)
 *(.data*)
 .data.uwTickPrio
                0x0000000020000000        0x4 Drivers/STM32F1xx_HAL_Driver/Src/stm32f1xx_hal.o
                0x0000000020000000                uwTickPrio
 .data.uwTickFreq
                0x0000000020000004        0x1 Drivers/STM32F1xx_HAL_Driver/Src/stm32f1xx_hal.o
                0x0000000020000004                uwTickFreq
 *fill*         0x0000000020000005        0x3 
 .data.USBD_CDC_DeviceQualifierDesc
                0x0000000020000008        0xa Middlewares/ST/STM32_USB_Device_Library/Class/CDC/Src/usbd_cdc.o
 *fill*         0x0000000020000012        0x2 
 .data.USBD_CDC
                0x0000000020000014       0x38 Middlewares/ST/STM32_USB_Device_Library/Class/CDC/Src/usbd_cdc.o
                0x0000000020000014                USBD_CDC
 .data.USBD_CDC_CfgHSDesc
                0x000000002000004c       0x43 Middlewares/ST/STM32_USB_Device_Library/Class/CDC/Src/usbd_cdc.o
                0x000000002000004c                USBD_CDC_CfgHSDesc
 *fill*         0x000000002000008f        0x1 
 .data.USBD_CDC_CfgFSDesc
                0x0000000020000090       0x43 Middlewares/ST/STM32_USB_Device_Library/Class/CDC/Src/usbd_cdc.o
                0x0000000020000090                USBD_CDC_CfgFSDesc
 *fill*         0x00000000200000d3        0x1 
 .data.USBD_CDC_OtherSpeedCfgDesc
                0x00000000200000d4       0x43 Middlewares/ST/STM32_USB_Device_Library/Class/CDC/Src/usbd_cdc.o
                0x00000000200000d4                USBD_CDC_OtherSpeedCfgDesc
 *fill*         0x0000000020000117        0x1 
 .data.nyh_nUSBdev_state
                0x0000000020000118        0x4 Src/nyh_mLoop.o
                0x0000000020000118                nyh_nUSBdev_state
 .data.SystemCoreClock
                0x000000002000011c        0x4 Src/system_stm32f1xx.o
                0x000000002000011c                SystemCoreClock
 .data.USBD_Interface_fops_FS
                0x0000000020000120       0x10 Src/usbd_cdc_if.o
                0x0000000020000120                USBD_Interface_fops_FS
 .data.FS_Desc  0x0000000020000130       0x1c Src/usbd_desc.o
                0x0000000020000130                FS_Desc
 .data.USBD_FS_DeviceDesc
                0x000000002000014c       0x12 Src/usbd_desc.o
                0x000000002000014c                USBD_FS_DeviceDesc
 *fill*         0x000000002000015e        0x2 
 .data.USBD_LangIDDesc
                0x0000000020000160        0x4 Src/usbd_desc.o
                0x0000000020000160                USBD_LangIDDesc
 .data.USBD_StringSerial
                0x0000000020000164       0x1a Src/usbd_desc.o
                0x0000000020000164                USBD_StringSerial
                0x0000000020000180                . = ALIGN (0x4)
 *fill*         0x000000002000017e        0x2 
                0x0000000020000180                _edata = .

.igot.plt       0x0000000020000180        0x0 load address 0x0000000008007864
 .igot.plt      0x0000000020000180        0x0 d:/0_program/stmicroelectronics/stm32cubeide_1.4.0/stm32cubeide/plugins/com.st.stm32cube.ide.mcu.externaltools.gnu-tools-for-stm32.7-2018-q2-update.win32_1.4.0.202007081208/tools/bin/../lib/gcc/arm-none-eabi/7.3.1/thumb/v7-m/crtbegin.o
                0x0000000020000180                . = ALIGN (0x4)

.bss            0x0000000020000180     0x1210 load address 0x0000000008007864
                0x0000000020000180                _sbss = .
                0x0000000020000180                __bss_start__ = _sbss
 *(.bss)
 .bss           0x0000000020000180       0x1c d:/0_program/stmicroelectronics/stm32cubeide_1.4.0/stm32cubeide/plugins/com.st.stm32cube.ide.mcu.externaltools.gnu-tools-for-stm32.7-2018-q2-update.win32_1.4.0.202007081208/tools/bin/../lib/gcc/arm-none-eabi/7.3.1/thumb/v7-m/crtbegin.o
 *(.bss*)
 .bss.cfgidx.8157
                0x000000002000019c        0x1 Middlewares/ST/STM32_USB_Device_Library/Core/Src/usbd_ctlreq.o
 .bss.g_mSW2_buf
                0x000000002000019d        0x1 Src/nyh_mLoop.o
                0x000000002000019d                g_mSW2_buf
 .bss.g_mLED_life
                0x000000002000019e        0x1 Src/nyh_mLoop.o
                0x000000002000019e                g_mLED_life
 .bss.mTestPulse1_st
                0x000000002000019f        0x1 Src/nyh_mLoop.o
                0x000000002000019f                mTestPulse1_st
 .bss.bSW2_st.8105
                0x00000000200001a0        0x1 Src/nyh_mLoop.o
 *fill*         0x00000000200001a1        0x3 
 .bss.mem.8225  0x00000000200001a4      0x220 Src/usbd_conf.o
 *(COMMON)
 COMMON         0x00000000200003c4        0x4 Drivers/STM32F1xx_HAL_Driver/Src/stm32f1xx_hal.o
                0x00000000200003c4                uwTick
 COMMON         0x00000000200003c8       0x48 Src/main.o
                0x00000000200003c8                htim2
 COMMON         0x0000000020000410      0x2c4 Src/usb_device.o
                0x0000000020000410                hUsbDeviceFS
 COMMON         0x00000000200006d4      0x7d0 Src/usbd_cdc_if.o
                0x00000000200006d4                UserRxBufferFS
                0x0000000020000abc                UserTxBufferFS
 COMMON         0x0000000020000ea4      0x2ec Src/usbd_conf.o
                0x0000000020000ea4                hpcd_USB_FS
 COMMON         0x0000000020001190      0x200 Src/usbd_desc.o
                0x0000000020001190                USBD_StrDesc
                0x0000000020001390                . = ALIGN (0x4)
                0x0000000020001390                _ebss = .
                0x0000000020001390                __bss_end__ = _ebss

._user_heap_stack
                0x0000000020001390      0x600 load address 0x0000000008007864
                0x0000000020001390                . = ALIGN (0x8)
                [!provide]                        PROVIDE (end = .)
                0x0000000020001390                PROVIDE (_end = .)
                0x0000000020001590                . = (. + _Min_Heap_Size)
 *fill*         0x0000000020001390      0x200 
                0x0000000020001990                . = (. + _Min_Stack_Size)
 *fill*         0x0000000020001590      0x400 
                0x0000000020001990                . = ALIGN (0x8)

/DISCARD/
 libc.a(*)
 libm.a(*)
 libgcc.a(*)

.ARM.attributes
                0x0000000000000000       0x29
 *(.ARM.attributes)
 .ARM.attributes
                0x0000000000000000       0x1d d:/0_program/stmicroelectronics/stm32cubeide_1.4.0/stm32cubeide/plugins/com.st.stm32cube.ide.mcu.externaltools.gnu-tools-for-stm32.7-2018-q2-update.win32_1.4.0.202007081208/tools/bin/../lib/gcc/arm-none-eabi/7.3.1/thumb/v7-m/crti.o
 .ARM.attributes
                0x000000000000001d       0x2d d:/0_program/stmicroelectronics/stm32cubeide_1.4.0/stm32cubeide/plugins/com.st.stm32cube.ide.mcu.externaltools.gnu-tools-for-stm32.7-2018-q2-update.win32_1.4.0.202007081208/tools/bin/../lib/gcc/arm-none-eabi/7.3.1/thumb/v7-m/crtbegin.o
 .ARM.attributes
                0x000000000000004a       0x33 Drivers/STM32F1xx_HAL_Driver/Src/stm32f1xx_hal.o
 .ARM.attributes
                0x000000000000007d       0x33 Drivers/STM32F1xx_HAL_Driver/Src/stm32f1xx_hal_cortex.o
 .ARM.attributes
                0x00000000000000b0       0x33 Drivers/STM32F1xx_HAL_Driver/Src/stm32f1xx_hal_gpio.o
 .ARM.attributes
                0x00000000000000e3       0x33 Drivers/STM32F1xx_HAL_Driver/Src/stm32f1xx_hal_pcd.o
 .ARM.attributes
                0x0000000000000116       0x33 Drivers/STM32F1xx_HAL_Driver/Src/stm32f1xx_hal_pcd_ex.o
 .ARM.attributes
                0x0000000000000149       0x33 Drivers/STM32F1xx_HAL_Driver/Src/stm32f1xx_hal_rcc.o
 .ARM.attributes
                0x000000000000017c       0x33 Drivers/STM32F1xx_HAL_Driver/Src/stm32f1xx_hal_rcc_ex.o
 .ARM.attributes
                0x00000000000001af       0x33 Drivers/STM32F1xx_HAL_Driver/Src/stm32f1xx_hal_tim.o
 .ARM.attributes
                0x00000000000001e2       0x33 Drivers/STM32F1xx_HAL_Driver/Src/stm32f1xx_hal_tim_ex.o
 .ARM.attributes
                0x0000000000000215       0x33 Drivers/STM32F1xx_HAL_Driver/Src/stm32f1xx_ll_usb.o
 .ARM.attributes
                0x0000000000000248       0x33 Middlewares/ST/STM32_USB_Device_Library/Class/CDC/Src/usbd_cdc.o
 .ARM.attributes
                0x000000000000027b       0x33 Middlewares/ST/STM32_USB_Device_Library/Core/Src/usbd_core.o
 .ARM.attributes
                0x00000000000002ae       0x33 Middlewares/ST/STM32_USB_Device_Library/Core/Src/usbd_ctlreq.o
 .ARM.attributes
                0x00000000000002e1       0x33 Middlewares/ST/STM32_USB_Device_Library/Core/Src/usbd_ioreq.o
 .ARM.attributes
                0x0000000000000314       0x33 Src/main.o
 .ARM.attributes
                0x0000000000000347       0x33 Src/nyh_mLoop.o
 .ARM.attributes
                0x000000000000037a       0x33 Src/stm32f1xx_hal_msp.o
 .ARM.attributes
                0x00000000000003ad       0x33 Src/stm32f1xx_it.o
 .ARM.attributes
                0x00000000000003e0       0x33 Src/system_stm32f1xx.o
 .ARM.attributes
                0x0000000000000413       0x33 Src/usb_device.o
 .ARM.attributes
                0x0000000000000446       0x33 Src/usbd_cdc_if.o
 .ARM.attributes
                0x0000000000000479       0x33 Src/usbd_conf.o
 .ARM.attributes
                0x00000000000004ac       0x33 Src/usbd_desc.o
 .ARM.attributes
                0x00000000000004df       0x21 Startup/startup_stm32f103cbtx.o
 .ARM.attributes
                0x0000000000000500       0x2d d:/0_program/stmicroelectronics/stm32cubeide_1.4.0/stm32cubeide/plugins/com.st.stm32cube.ide.mcu.externaltools.gnu-tools-for-stm32.7-2018-q2-update.win32_1.4.0.202007081208/tools/bin/../lib/gcc/arm-none-eabi/7.3.1/../../../../arm-none-eabi/lib/thumb/v7-m\libc_nano.a(lib_a-init.o)
 .ARM.attributes
                0x000000000000052d       0x2d d:/0_program/stmicroelectronics/stm32cubeide_1.4.0/stm32cubeide/plugins/com.st.stm32cube.ide.mcu.externaltools.gnu-tools-for-stm32.7-2018-q2-update.win32_1.4.0.202007081208/tools/bin/../lib/gcc/arm-none-eabi/7.3.1/../../../../arm-none-eabi/lib/thumb/v7-m\libc_nano.a(lib_a-memcpy-stub.o)
 .ARM.attributes
                0x000000000000055a       0x2d d:/0_program/stmicroelectronics/stm32cubeide_1.4.0/stm32cubeide/plugins/com.st.stm32cube.ide.mcu.externaltools.gnu-tools-for-stm32.7-2018-q2-update.win32_1.4.0.202007081208/tools/bin/../lib/gcc/arm-none-eabi/7.3.1/../../../../arm-none-eabi/lib/thumb/v7-m\libc_nano.a(lib_a-memset.o)
 .ARM.attributes
                0x0000000000000587       0x1d d:/0_program/stmicroelectronics/stm32cubeide_1.4.0/stm32cubeide/plugins/com.st.stm32cube.ide.mcu.externaltools.gnu-tools-for-stm32.7-2018-q2-update.win32_1.4.0.202007081208/tools/bin/../lib/gcc/arm-none-eabi/7.3.1/thumb/v7-m/crtn.o
OUTPUT(32F1_USB.elf elf32-littlearm)

.debug_info     0x0000000000000000    0x16534
 .debug_info    0x0000000000000000      0x714 Drivers/STM32F1xx_HAL_Driver/Src/stm32f1xx_hal.o
 .debug_info    0x0000000000000714      0xb51 Drivers/STM32F1xx_HAL_Driver/Src/stm32f1xx_hal_cortex.o
 .debug_info    0x0000000000001265      0x69b Drivers/STM32F1xx_HAL_Driver/Src/stm32f1xx_hal_gpio.o
 .debug_info    0x0000000000001900     0x122f Drivers/STM32F1xx_HAL_Driver/Src/stm32f1xx_hal_pcd.o
 .debug_info    0x0000000000002b2f      0x785 Drivers/STM32F1xx_HAL_Driver/Src/stm32f1xx_hal_pcd_ex.o
 .debug_info    0x00000000000032b4      0x80f Drivers/STM32F1xx_HAL_Driver/Src/stm32f1xx_hal_rcc.o
 .debug_info    0x0000000000003ac3      0x444 Drivers/STM32F1xx_HAL_Driver/Src/stm32f1xx_hal_rcc_ex.o
 .debug_info    0x0000000000003f07     0x27ef Drivers/STM32F1xx_HAL_Driver/Src/stm32f1xx_hal_tim.o
 .debug_info    0x00000000000066f6     0x136f Drivers/STM32F1xx_HAL_Driver/Src/stm32f1xx_hal_tim_ex.o
 .debug_info    0x0000000000007a65     0x17e7 Drivers/STM32F1xx_HAL_Driver/Src/stm32f1xx_ll_usb.o
 .debug_info    0x000000000000924c     0x17b6 Middlewares/ST/STM32_USB_Device_Library/Class/CDC/Src/usbd_cdc.o
 .debug_info    0x000000000000aa02     0x11d2 Middlewares/ST/STM32_USB_Device_Library/Core/Src/usbd_core.o
 .debug_info    0x000000000000bbd4     0x1142 Middlewares/ST/STM32_USB_Device_Library/Core/Src/usbd_ctlreq.o
 .debug_info    0x000000000000cd16      0xf33 Middlewares/ST/STM32_USB_Device_Library/Core/Src/usbd_ioreq.o
 .debug_info    0x000000000000dc49     0x1322 Src/main.o
 .debug_info    0x000000000000ef6b     0x1434 Src/nyh_mLoop.o
 .debug_info    0x000000000001039f      0x99f Src/stm32f1xx_hal_msp.o
 .debug_info    0x0000000000010d3e      0xbb8 Src/stm32f1xx_it.o
 .debug_info    0x00000000000118f6      0x29a Src/system_stm32f1xx.o
 .debug_info    0x0000000000011b90      0xe7b Src/usb_device.o
 .debug_info    0x0000000000012a0b     0x1036 Src/usbd_cdc_if.o
 .debug_info    0x0000000000013a41     0x1dba Src/usbd_conf.o
 .debug_info    0x00000000000157fb      0xd17 Src/usbd_desc.o
 .debug_info    0x0000000000016512       0x22 Startup/startup_stm32f103cbtx.o

.debug_abbrev   0x0000000000000000     0x3056
 .debug_abbrev  0x0000000000000000      0x1c7 Drivers/STM32F1xx_HAL_Driver/Src/stm32f1xx_hal.o
 .debug_abbrev  0x00000000000001c7      0x2d5 Drivers/STM32F1xx_HAL_Driver/Src/stm32f1xx_hal_cortex.o
 .debug_abbrev  0x000000000000049c      0x1c0 Drivers/STM32F1xx_HAL_Driver/Src/stm32f1xx_hal_gpio.o
 .debug_abbrev  0x000000000000065c      0x268 Drivers/STM32F1xx_HAL_Driver/Src/stm32f1xx_hal_pcd.o
 .debug_abbrev  0x00000000000008c4      0x188 Drivers/STM32F1xx_HAL_Driver/Src/stm32f1xx_hal_pcd_ex.o
 .debug_abbrev  0x0000000000000a4c      0x243 Drivers/STM32F1xx_HAL_Driver/Src/stm32f1xx_hal_rcc.o
 .debug_abbrev  0x0000000000000c8f      0x175 Drivers/STM32F1xx_HAL_Driver/Src/stm32f1xx_hal_rcc_ex.o
 .debug_abbrev  0x0000000000000e04      0x230 Drivers/STM32F1xx_HAL_Driver/Src/stm32f1xx_hal_tim.o
 .debug_abbrev  0x0000000000001034      0x236 Drivers/STM32F1xx_HAL_Driver/Src/stm32f1xx_hal_tim_ex.o
 .debug_abbrev  0x000000000000126a      0x1d2 Drivers/STM32F1xx_HAL_Driver/Src/stm32f1xx_ll_usb.o
 .debug_abbrev  0x000000000000143c      0x2b6 Middlewares/ST/STM32_USB_Device_Library/Class/CDC/Src/usbd_cdc.o
 .debug_abbrev  0x00000000000016f2      0x270 Middlewares/ST/STM32_USB_Device_Library/Core/Src/usbd_core.o
 .debug_abbrev  0x0000000000001962      0x2a0 Middlewares/ST/STM32_USB_Device_Library/Core/Src/usbd_ctlreq.o
 .debug_abbrev  0x0000000000001c02      0x1e0 Middlewares/ST/STM32_USB_Device_Library/Core/Src/usbd_ioreq.o
 .debug_abbrev  0x0000000000001de2      0x233 Src/main.o
 .debug_abbrev  0x0000000000002015      0x231 Src/nyh_mLoop.o
 .debug_abbrev  0x0000000000002246      0x197 Src/stm32f1xx_hal_msp.o
 .debug_abbrev  0x00000000000023dd      0x185 Src/stm32f1xx_it.o
 .debug_abbrev  0x0000000000002562      0x134 Src/system_stm32f1xx.o
 .debug_abbrev  0x0000000000002696      0x1be Src/usb_device.o
 .debug_abbrev  0x0000000000002854      0x285 Src/usbd_cdc_if.o
 .debug_abbrev  0x0000000000002ad9      0x2db Src/usbd_conf.o
 .debug_abbrev  0x0000000000002db4      0x290 Src/usbd_desc.o
 .debug_abbrev  0x0000000000003044       0x12 Startup/startup_stm32f103cbtx.o

.debug_aranges  0x0000000000000000      0xff0
 .debug_aranges
                0x0000000000000000       0xe0 Drivers/STM32F1xx_HAL_Driver/Src/stm32f1xx_hal.o
 .debug_aranges
                0x00000000000000e0      0x100 Drivers/STM32F1xx_HAL_Driver/Src/stm32f1xx_hal_cortex.o
 .debug_aranges
                0x00000000000001e0       0x58 Drivers/STM32F1xx_HAL_Driver/Src/stm32f1xx_hal_gpio.o
 .debug_aranges
                0x0000000000000238      0x138 Drivers/STM32F1xx_HAL_Driver/Src/stm32f1xx_hal_pcd.o
 .debug_aranges
                0x0000000000000370       0x38 Drivers/STM32F1xx_HAL_Driver/Src/stm32f1xx_hal_pcd_ex.o
 .debug_aranges
                0x00000000000003a8       0x90 Drivers/STM32F1xx_HAL_Driver/Src/stm32f1xx_hal_rcc.o
 .debug_aranges
                0x0000000000000438       0x30 Drivers/STM32F1xx_HAL_Driver/Src/stm32f1xx_hal_rcc_ex.o
 .debug_aranges
                0x0000000000000468      0x3d0 Drivers/STM32F1xx_HAL_Driver/Src/stm32f1xx_hal_tim.o
 .debug_aranges
                0x0000000000000838      0x168 Drivers/STM32F1xx_HAL_Driver/Src/stm32f1xx_hal_tim_ex.o
 .debug_aranges
                0x00000000000009a0       0xf0 Drivers/STM32F1xx_HAL_Driver/Src/stm32f1xx_ll_usb.o
 .debug_aranges
                0x0000000000000a90       0x90 Middlewares/ST/STM32_USB_Device_Library/Class/CDC/Src/usbd_cdc.o
 .debug_aranges
                0x0000000000000b20       0xb8 Middlewares/ST/STM32_USB_Device_Library/Core/Src/usbd_core.o
 .debug_aranges
                0x0000000000000bd8       0x88 Middlewares/ST/STM32_USB_Device_Library/Core/Src/usbd_ctlreq.o
 .debug_aranges
                0x0000000000000c60       0x50 Middlewares/ST/STM32_USB_Device_Library/Core/Src/usbd_ioreq.o
 .debug_aranges
                0x0000000000000cb0       0x40 Src/main.o
 .debug_aranges
                0x0000000000000cf0       0x38 Src/nyh_mLoop.o
 .debug_aranges
                0x0000000000000d28       0x30 Src/stm32f1xx_hal_msp.o
 .debug_aranges
                0x0000000000000d58       0x70 Src/stm32f1xx_it.o
 .debug_aranges
                0x0000000000000dc8       0x28 Src/system_stm32f1xx.o
 .debug_aranges
                0x0000000000000df0       0x20 Src/usb_device.o
 .debug_aranges
                0x0000000000000e10       0x40 Src/usbd_cdc_if.o
 .debug_aranges
                0x0000000000000e50      0x118 Src/usbd_conf.o
 .debug_aranges
                0x0000000000000f68       0x60 Src/usbd_desc.o
 .debug_aranges
                0x0000000000000fc8       0x28 Startup/startup_stm32f103cbtx.o

.debug_ranges   0x0000000000000000      0xe78
 .debug_ranges  0x0000000000000000       0xd0 Drivers/STM32F1xx_HAL_Driver/Src/stm32f1xx_hal.o
 .debug_ranges  0x00000000000000d0       0xf0 Drivers/STM32F1xx_HAL_Driver/Src/stm32f1xx_hal_cortex.o
 .debug_ranges  0x00000000000001c0       0x48 Drivers/STM32F1xx_HAL_Driver/Src/stm32f1xx_hal_gpio.o
 .debug_ranges  0x0000000000000208      0x128 Drivers/STM32F1xx_HAL_Driver/Src/stm32f1xx_hal_pcd.o
 .debug_ranges  0x0000000000000330       0x28 Drivers/STM32F1xx_HAL_Driver/Src/stm32f1xx_hal_pcd_ex.o
 .debug_ranges  0x0000000000000358       0x80 Drivers/STM32F1xx_HAL_Driver/Src/stm32f1xx_hal_rcc.o
 .debug_ranges  0x00000000000003d8       0x20 Drivers/STM32F1xx_HAL_Driver/Src/stm32f1xx_hal_rcc_ex.o
 .debug_ranges  0x00000000000003f8      0x3c0 Drivers/STM32F1xx_HAL_Driver/Src/stm32f1xx_hal_tim.o
 .debug_ranges  0x00000000000007b8      0x158 Drivers/STM32F1xx_HAL_Driver/Src/stm32f1xx_hal_tim_ex.o
 .debug_ranges  0x0000000000000910       0xe0 Drivers/STM32F1xx_HAL_Driver/Src/stm32f1xx_ll_usb.o
 .debug_ranges  0x00000000000009f0       0x80 Middlewares/ST/STM32_USB_Device_Library/Class/CDC/Src/usbd_cdc.o
 .debug_ranges  0x0000000000000a70       0xa8 Middlewares/ST/STM32_USB_Device_Library/Core/Src/usbd_core.o
 .debug_ranges  0x0000000000000b18       0x78 Middlewares/ST/STM32_USB_Device_Library/Core/Src/usbd_ctlreq.o
 .debug_ranges  0x0000000000000b90       0x40 Middlewares/ST/STM32_USB_Device_Library/Core/Src/usbd_ioreq.o
 .debug_ranges  0x0000000000000bd0       0x30 Src/main.o
 .debug_ranges  0x0000000000000c00       0x28 Src/nyh_mLoop.o
 .debug_ranges  0x0000000000000c28       0x20 Src/stm32f1xx_hal_msp.o
 .debug_ranges  0x0000000000000c48       0x60 Src/stm32f1xx_it.o
 .debug_ranges  0x0000000000000ca8       0x18 Src/system_stm32f1xx.o
 .debug_ranges  0x0000000000000cc0       0x10 Src/usb_device.o
 .debug_ranges  0x0000000000000cd0       0x30 Src/usbd_cdc_if.o
 .debug_ranges  0x0000000000000d00      0x108 Src/usbd_conf.o
 .debug_ranges  0x0000000000000e08       0x50 Src/usbd_desc.o
 .debug_ranges  0x0000000000000e58       0x20 Startup/startup_stm32f103cbtx.o

.debug_macro    0x0000000000000000    0x1ac34
 .debug_macro   0x0000000000000000      0x1e1 Drivers/STM32F1xx_HAL_Driver/Src/stm32f1xx_hal.o
 .debug_macro   0x00000000000001e1      0xa5a Drivers/STM32F1xx_HAL_Driver/Src/stm32f1xx_hal.o
 .debug_macro   0x0000000000000c3b      0x21b Drivers/STM32F1xx_HAL_Driver/Src/stm32f1xx_hal.o
 .debug_macro   0x0000000000000e56       0x2e Drivers/STM32F1xx_HAL_Driver/Src/stm32f1xx_hal.o
 .debug_macro   0x0000000000000e84       0x22 Drivers/STM32F1xx_HAL_Driver/Src/stm32f1xx_hal.o
 .debug_macro   0x0000000000000ea6       0x22 Drivers/STM32F1xx_HAL_Driver/Src/stm32f1xx_hal.o
 .debug_macro   0x0000000000000ec8       0x8e Drivers/STM32F1xx_HAL_Driver/Src/stm32f1xx_hal.o
 .debug_macro   0x0000000000000f56       0x51 Drivers/STM32F1xx_HAL_Driver/Src/stm32f1xx_hal.o
 .debug_macro   0x0000000000000fa7       0xef Drivers/STM32F1xx_HAL_Driver/Src/stm32f1xx_hal.o
 .debug_macro   0x0000000000001096       0x6a Drivers/STM32F1xx_HAL_Driver/Src/stm32f1xx_hal.o
 .debug_macro   0x0000000000001100      0x1df Drivers/STM32F1xx_HAL_Driver/Src/stm32f1xx_hal.o
 .debug_macro   0x00000000000012df       0x1c Drivers/STM32F1xx_HAL_Driver/Src/stm32f1xx_hal.o
 .debug_macro   0x00000000000012fb       0x22 Drivers/STM32F1xx_HAL_Driver/Src/stm32f1xx_hal.o
 .debug_macro   0x000000000000131d       0xc3 Drivers/STM32F1xx_HAL_Driver/Src/stm32f1xx_hal.o
 .debug_macro   0x00000000000013e0      0xd23 Drivers/STM32F1xx_HAL_Driver/Src/stm32f1xx_hal.o
 .debug_macro   0x0000000000002103     0xe097 Drivers/STM32F1xx_HAL_Driver/Src/stm32f1xx_hal.o
 .debug_macro   0x000000000001019a       0x43 Drivers/STM32F1xx_HAL_Driver/Src/stm32f1xx_hal.o
 .debug_macro   0x00000000000101dd     0x3468 Drivers/STM32F1xx_HAL_Driver/Src/stm32f1xx_hal.o
 .debug_macro   0x0000000000013645      0x174 Drivers/STM32F1xx_HAL_Driver/Src/stm32f1xx_hal.o
 .debug_macro   0x00000000000137b9       0x5c Drivers/STM32F1xx_HAL_Driver/Src/stm32f1xx_hal.o
 .debug_macro   0x0000000000013815      0x5be Drivers/STM32F1xx_HAL_Driver/Src/stm32f1xx_hal.o
 .debug_macro   0x0000000000013dd3      0x289 Drivers/STM32F1xx_HAL_Driver/Src/stm32f1xx_hal.o
 .debug_macro   0x000000000001405c      0x1cb Drivers/STM32F1xx_HAL_Driver/Src/stm32f1xx_hal.o
 .debug_macro   0x0000000000014227      0x114 Drivers/STM32F1xx_HAL_Driver/Src/stm32f1xx_hal.o
 .debug_macro   0x000000000001433b      0x1b2 Drivers/STM32F1xx_HAL_Driver/Src/stm32f1xx_hal.o
 .debug_macro   0x00000000000144ed       0x27 Drivers/STM32F1xx_HAL_Driver/Src/stm32f1xx_hal.o
 .debug_macro   0x0000000000014514      0x136 Drivers/STM32F1xx_HAL_Driver/Src/stm32f1xx_hal.o
 .debug_macro   0x000000000001464a      0x1bc Drivers/STM32F1xx_HAL_Driver/Src/stm32f1xx_hal.o
 .debug_macro   0x0000000000014806       0x34 Drivers/STM32F1xx_HAL_Driver/Src/stm32f1xx_hal.o
 .debug_macro   0x000000000001483a       0x3c Drivers/STM32F1xx_HAL_Driver/Src/stm32f1xx_hal.o
 .debug_macro   0x0000000000014876       0x57 Drivers/STM32F1xx_HAL_Driver/Src/stm32f1xx_hal.o
 .debug_macro   0x00000000000148cd       0x88 Drivers/STM32F1xx_HAL_Driver/Src/stm32f1xx_hal.o
 .debug_macro   0x0000000000014955      0x241 Drivers/STM32F1xx_HAL_Driver/Src/stm32f1xx_hal.o
 .debug_macro   0x0000000000014b96      0x141 Drivers/STM32F1xx_HAL_Driver/Src/stm32f1xx_hal.o
 .debug_macro   0x0000000000014cd7      0x8d1 Drivers/STM32F1xx_HAL_Driver/Src/stm32f1xx_hal.o
 .debug_macro   0x00000000000155a8       0x65 Drivers/STM32F1xx_HAL_Driver/Src/stm32f1xx_hal.o
 .debug_macro   0x000000000001560d      0x249 Drivers/STM32F1xx_HAL_Driver/Src/stm32f1xx_hal.o
 .debug_macro   0x0000000000015856       0x83 Drivers/STM32F1xx_HAL_Driver/Src/stm32f1xx_hal.o
 .debug_macro   0x00000000000158d9      0x1bd Drivers/STM32F1xx_HAL_Driver/Src/stm32f1xx_hal_cortex.o
 .debug_macro   0x0000000000015a96      0x228 Drivers/STM32F1xx_HAL_Driver/Src/stm32f1xx_hal_gpio.o
 .debug_macro   0x0000000000015cbe      0x1c9 Drivers/STM32F1xx_HAL_Driver/Src/stm32f1xx_hal_pcd.o
 .debug_macro   0x0000000000015e87      0x1bd Drivers/STM32F1xx_HAL_Driver/Src/stm32f1xx_hal_pcd_ex.o
 .debug_macro   0x0000000000016044      0x1cf Drivers/STM32F1xx_HAL_Driver/Src/stm32f1xx_hal_rcc.o
 .debug_macro   0x0000000000016213      0x1bd Drivers/STM32F1xx_HAL_Driver/Src/stm32f1xx_hal_rcc_ex.o
 .debug_macro   0x00000000000163d0      0x1be Drivers/STM32F1xx_HAL_Driver/Src/stm32f1xx_hal_tim.o
 .debug_macro   0x000000000001658e      0x1bd Drivers/STM32F1xx_HAL_Driver/Src/stm32f1xx_hal_tim_ex.o
 .debug_macro   0x000000000001674b      0x1bd Drivers/STM32F1xx_HAL_Driver/Src/stm32f1xx_ll_usb.o
 .debug_macro   0x0000000000016908      0x3d9 Middlewares/ST/STM32_USB_Device_Library/Class/CDC/Src/usbd_cdc.o
 .debug_macro   0x0000000000016ce1       0x40 Middlewares/ST/STM32_USB_Device_Library/Class/CDC/Src/usbd_cdc.o
 .debug_macro   0x0000000000016d21       0x18 Middlewares/ST/STM32_USB_Device_Library/Class/CDC/Src/usbd_cdc.o
 .debug_macro   0x0000000000016d39       0x94 Middlewares/ST/STM32_USB_Device_Library/Class/CDC/Src/usbd_cdc.o
 .debug_macro   0x0000000000016dcd       0x3c Middlewares/ST/STM32_USB_Device_Library/Class/CDC/Src/usbd_cdc.o
 .debug_macro   0x0000000000016e09       0x34 Middlewares/ST/STM32_USB_Device_Library/Class/CDC/Src/usbd_cdc.o
 .debug_macro   0x0000000000016e3d       0x16 Middlewares/ST/STM32_USB_Device_Library/Class/CDC/Src/usbd_cdc.o
 .debug_macro   0x0000000000016e53       0x57 Middlewares/ST/STM32_USB_Device_Library/Class/CDC/Src/usbd_cdc.o
 .debug_macro   0x0000000000016eaa       0x97 Middlewares/ST/STM32_USB_Device_Library/Class/CDC/Src/usbd_cdc.o
 .debug_macro   0x0000000000016f41      0x330 Middlewares/ST/STM32_USB_Device_Library/Class/CDC/Src/usbd_cdc.o
 .debug_macro   0x0000000000017271       0xfd Middlewares/ST/STM32_USB_Device_Library/Class/CDC/Src/usbd_cdc.o
 .debug_macro   0x000000000001736e       0x10 Middlewares/ST/STM32_USB_Device_Library/Class/CDC/Src/usbd_cdc.o
 .debug_macro   0x000000000001737e       0x52 Middlewares/ST/STM32_USB_Device_Library/Class/CDC/Src/usbd_cdc.o
 .debug_macro   0x00000000000173d0       0x1f Middlewares/ST/STM32_USB_Device_Library/Class/CDC/Src/usbd_cdc.o
 .debug_macro   0x00000000000173ef       0x43 Middlewares/ST/STM32_USB_Device_Library/Class/CDC/Src/usbd_cdc.o
 .debug_macro   0x0000000000017432       0x20 Middlewares/ST/STM32_USB_Device_Library/Class/CDC/Src/usbd_cdc.o
 .debug_macro   0x0000000000017452      0x1a3 Middlewares/ST/STM32_USB_Device_Library/Class/CDC/Src/usbd_cdc.o
 .debug_macro   0x00000000000175f5       0x10 Middlewares/ST/STM32_USB_Device_Library/Class/CDC/Src/usbd_cdc.o
 .debug_macro   0x0000000000017605       0x1c Middlewares/ST/STM32_USB_Device_Library/Class/CDC/Src/usbd_cdc.o
 .debug_macro   0x0000000000017621       0x52 Middlewares/ST/STM32_USB_Device_Library/Class/CDC/Src/usbd_cdc.o
 .debug_macro   0x0000000000017673       0x40 Middlewares/ST/STM32_USB_Device_Library/Class/CDC/Src/usbd_cdc.o
 .debug_macro   0x00000000000176b3       0x10 Middlewares/ST/STM32_USB_Device_Library/Class/CDC/Src/usbd_cdc.o
 .debug_macro   0x00000000000176c3       0x40 Middlewares/ST/STM32_USB_Device_Library/Class/CDC/Src/usbd_cdc.o
 .debug_macro   0x0000000000017703       0xd7 Middlewares/ST/STM32_USB_Device_Library/Class/CDC/Src/usbd_cdc.o
 .debug_macro   0x00000000000177da       0x1c Middlewares/ST/STM32_USB_Device_Library/Class/CDC/Src/usbd_cdc.o
 .debug_macro   0x00000000000177f6       0x3d Middlewares/ST/STM32_USB_Device_Library/Class/CDC/Src/usbd_cdc.o
 .debug_macro   0x0000000000017833       0x16 Middlewares/ST/STM32_USB_Device_Library/Class/CDC/Src/usbd_cdc.o
 .debug_macro   0x0000000000017849      0x145 Middlewares/ST/STM32_USB_Device_Library/Class/CDC/Src/usbd_cdc.o
 .debug_macro   0x000000000001798e       0x16 Middlewares/ST/STM32_USB_Device_Library/Class/CDC/Src/usbd_cdc.o
 .debug_macro   0x00000000000179a4       0x35 Middlewares/ST/STM32_USB_Device_Library/Class/CDC/Src/usbd_cdc.o
 .debug_macro   0x00000000000179d9       0x16 Middlewares/ST/STM32_USB_Device_Library/Class/CDC/Src/usbd_cdc.o
 .debug_macro   0x00000000000179ef       0x29 Middlewares/ST/STM32_USB_Device_Library/Class/CDC/Src/usbd_cdc.o
 .debug_macro   0x0000000000017a18       0x16 Middlewares/ST/STM32_USB_Device_Library/Class/CDC/Src/usbd_cdc.o
 .debug_macro   0x0000000000017a2e       0x20 Middlewares/ST/STM32_USB_Device_Library/Class/CDC/Src/usbd_cdc.o
 .debug_macro   0x0000000000017a4e       0xbd Middlewares/ST/STM32_USB_Device_Library/Class/CDC/Src/usbd_cdc.o
 .debug_macro   0x0000000000017b0b       0x56 Middlewares/ST/STM32_USB_Device_Library/Class/CDC/Src/usbd_cdc.o
 .debug_macro   0x0000000000017b61       0x28 Middlewares/ST/STM32_USB_Device_Library/Class/CDC/Src/usbd_cdc.o
 .debug_macro   0x0000000000017b89       0x60 Middlewares/ST/STM32_USB_Device_Library/Class/CDC/Src/usbd_cdc.o
 .debug_macro   0x0000000000017be9      0x1c8 Middlewares/ST/STM32_USB_Device_Library/Class/CDC/Src/usbd_cdc.o
 .debug_macro   0x0000000000017db1       0x8f Middlewares/ST/STM32_USB_Device_Library/Class/CDC/Src/usbd_cdc.o
 .debug_macro   0x0000000000017e40      0x3c0 Middlewares/ST/STM32_USB_Device_Library/Core/Src/usbd_core.o
 .debug_macro   0x0000000000018200      0x1ce Middlewares/ST/STM32_USB_Device_Library/Core/Src/usbd_core.o
 .debug_macro   0x00000000000183ce      0x3ca Middlewares/ST/STM32_USB_Device_Library/Core/Src/usbd_ctlreq.o
 .debug_macro   0x0000000000018798      0x3c6 Middlewares/ST/STM32_USB_Device_Library/Core/Src/usbd_ioreq.o
 .debug_macro   0x0000000000018b5e      0x3bc Src/main.o
 .debug_macro   0x0000000000018f1a       0x46 Src/main.o
 .debug_macro   0x0000000000018f60      0x32a Src/main.o
 .debug_macro   0x000000000001928a      0x3f8 Src/nyh_mLoop.o
 .debug_macro   0x0000000000019682       0x10 Src/nyh_mLoop.o
 .debug_macro   0x0000000000019692      0x1cc Src/stm32f1xx_hal_msp.o
 .debug_macro   0x000000000001985e      0x1e0 Src/stm32f1xx_it.o
 .debug_macro   0x0000000000019a3e      0x1bd Src/system_stm32f1xx.o
 .debug_macro   0x0000000000019bfb      0x3f9 Src/usb_device.o
 .debug_macro   0x0000000000019ff4       0x2e Src/usb_device.o
 .debug_macro   0x000000000001a022       0x22 Src/usb_device.o
 .debug_macro   0x000000000001a044       0x16 Src/usb_device.o
 .debug_macro   0x000000000001a05a      0x3e4 Src/usbd_cdc_if.o
 .debug_macro   0x000000000001a43e      0x3dd Src/usbd_conf.o
 .debug_macro   0x000000000001a81b      0x3fd Src/usbd_desc.o
 .debug_macro   0x000000000001ac18       0x1c Src/usbd_desc.o

.debug_line     0x0000000000000000    0x12f2b
 .debug_line    0x0000000000000000      0xa3a Drivers/STM32F1xx_HAL_Driver/Src/stm32f1xx_hal.o
 .debug_line    0x0000000000000a3a      0xb11 Drivers/STM32F1xx_HAL_Driver/Src/stm32f1xx_hal_cortex.o
 .debug_line    0x000000000000154b      0xa36 Drivers/STM32F1xx_HAL_Driver/Src/stm32f1xx_hal_gpio.o
 .debug_line    0x0000000000001f81      0xe9e Drivers/STM32F1xx_HAL_Driver/Src/stm32f1xx_hal_pcd.o
 .debug_line    0x0000000000002e1f      0x8ab Drivers/STM32F1xx_HAL_Driver/Src/stm32f1xx_hal_pcd_ex.o
 .debug_line    0x00000000000036ca      0xafa Drivers/STM32F1xx_HAL_Driver/Src/stm32f1xx_hal_rcc.o
 .debug_line    0x00000000000041c4      0x918 Drivers/STM32F1xx_HAL_Driver/Src/stm32f1xx_hal_rcc_ex.o
 .debug_line    0x0000000000004adc     0x2193 Drivers/STM32F1xx_HAL_Driver/Src/stm32f1xx_hal_tim.o
 .debug_line    0x0000000000006c6f     0x14a1 Drivers/STM32F1xx_HAL_Driver/Src/stm32f1xx_hal_tim_ex.o
 .debug_line    0x0000000000008110      0xed3 Drivers/STM32F1xx_HAL_Driver/Src/stm32f1xx_ll_usb.o
 .debug_line    0x0000000000008fe3      0xde8 Middlewares/ST/STM32_USB_Device_Library/Class/CDC/Src/usbd_cdc.o
 .debug_line    0x0000000000009dcb      0xe23 Middlewares/ST/STM32_USB_Device_Library/Core/Src/usbd_core.o
 .debug_line    0x000000000000abee      0xeac Middlewares/ST/STM32_USB_Device_Library/Core/Src/usbd_ctlreq.o
 .debug_line    0x000000000000ba9a      0xc8c Middlewares/ST/STM32_USB_Device_Library/Core/Src/usbd_ioreq.o
 .debug_line    0x000000000000c726      0xc57 Src/main.o
 .debug_line    0x000000000000d37d      0xc97 Src/nyh_mLoop.o
 .debug_line    0x000000000000e014      0x884 Src/stm32f1xx_hal_msp.o
 .debug_line    0x000000000000e898      0x933 Src/stm32f1xx_it.o
 .debug_line    0x000000000000f1cb      0x882 Src/system_stm32f1xx.o
 .debug_line    0x000000000000fa4d      0xc63 Src/usb_device.o
 .debug_line    0x00000000000106b0      0xc96 Src/usbd_cdc_if.o
 .debug_line    0x0000000000011346      0xeb1 Src/usbd_conf.o
 .debug_line    0x00000000000121f7      0xcb5 Src/usbd_desc.o
 .debug_line    0x0000000000012eac       0x7f Startup/startup_stm32f103cbtx.o

.debug_str      0x0000000000000000    0x8cbe4
 .debug_str     0x0000000000000000    0x83e4d Drivers/STM32F1xx_HAL_Driver/Src/stm32f1xx_hal.o
                                      0x842e5 (size before relaxing)
 .debug_str     0x0000000000083e4d      0x30a Drivers/STM32F1xx_HAL_Driver/Src/stm32f1xx_hal_cortex.o
                                      0x842ed (size before relaxing)
 .debug_str     0x0000000000084157      0x3a3 Drivers/STM32F1xx_HAL_Driver/Src/stm32f1xx_hal_gpio.o
                                      0x84018 (size before relaxing)
 .debug_str     0x00000000000844fa      0x6ca Drivers/STM32F1xx_HAL_Driver/Src/stm32f1xx_hal_pcd.o
                                      0x843a7 (size before relaxing)
 .debug_str     0x0000000000084bc4      0x18d Drivers/STM32F1xx_HAL_Driver/Src/stm32f1xx_hal_pcd_ex.o
                                      0x840f4 (size before relaxing)
 .debug_str     0x0000000000084d51      0x35f Drivers/STM32F1xx_HAL_Driver/Src/stm32f1xx_hal_rcc.o
                                      0x84051 (size before relaxing)
 .debug_str     0x00000000000850b0      0x12b Drivers/STM32F1xx_HAL_Driver/Src/stm32f1xx_hal_rcc_ex.o
                                      0x83dde (size before relaxing)
 .debug_str     0x00000000000851db     0x1237 Drivers/STM32F1xx_HAL_Driver/Src/stm32f1xx_hal_tim.o
                                      0x85023 (size before relaxing)
 .debug_str     0x0000000000086412      0x561 Drivers/STM32F1xx_HAL_Driver/Src/stm32f1xx_hal_tim_ex.o
                                      0x847fd (size before relaxing)
 .debug_str     0x0000000000086973      0x2a7 Drivers/STM32F1xx_HAL_Driver/Src/stm32f1xx_ll_usb.o
                                      0x84127 (size before relaxing)
 .debug_str     0x0000000000086c1a     0x546c Middlewares/ST/STM32_USB_Device_Library/Class/CDC/Src/usbd_cdc.o
                                      0x894f0 (size before relaxing)
 .debug_str     0x000000000008c086      0x1b5 Middlewares/ST/STM32_USB_Device_Library/Core/Src/usbd_core.o
                                      0x88deb (size before relaxing)
 .debug_str     0x000000000008c23b      0x134 Middlewares/ST/STM32_USB_Device_Library/Core/Src/usbd_ctlreq.o
                                      0x88d71 (size before relaxing)
 .debug_str     0x000000000008c36f       0xc9 Middlewares/ST/STM32_USB_Device_Library/Core/Src/usbd_ioreq.o
                                      0x88cf9 (size before relaxing)
 .debug_str     0x000000000008c438       0x87 Src/main.o
                                      0x89047 (size before relaxing)
 .debug_str     0x000000000008c4bf      0x130 Src/nyh_mLoop.o
                                      0x893ca (size before relaxing)
 .debug_str     0x000000000008c5ef       0x25 Src/stm32f1xx_hal_msp.o
                                      0x844b1 (size before relaxing)
 .debug_str     0x000000000008c614       0xb8 Src/stm32f1xx_it.o
                                      0x84524 (size before relaxing)
 .debug_str     0x000000000008c6cc       0x4d Src/system_stm32f1xx.o
                                      0x83c4f (size before relaxing)
 .debug_str     0x000000000008c719       0xaa Src/usb_device.o
                                      0x89055 (size before relaxing)
 .debug_str     0x000000000008c7c3       0x5d Src/usbd_cdc_if.o
                                      0x8908d (size before relaxing)
 .debug_str     0x000000000008c820      0x146 Src/usbd_conf.o
                                      0x89908 (size before relaxing)
 .debug_str     0x000000000008c966      0x24d Src/usbd_desc.o
                                      0x88c59 (size before relaxing)
 .debug_str     0x000000000008cbb3       0x31 Startup/startup_stm32f103cbtx.o
                                         0x64 (size before relaxing)

.comment        0x0000000000000000       0x7b
 .comment       0x0000000000000000       0x7b Drivers/STM32F1xx_HAL_Driver/Src/stm32f1xx_hal.o
                                         0x7c (size before relaxing)
 .comment       0x000000000000007b       0x7c Drivers/STM32F1xx_HAL_Driver/Src/stm32f1xx_hal_cortex.o
 .comment       0x000000000000007b       0x7c Drivers/STM32F1xx_HAL_Driver/Src/stm32f1xx_hal_gpio.o
 .comment       0x000000000000007b       0x7c Drivers/STM32F1xx_HAL_Driver/Src/stm32f1xx_hal_pcd.o
 .comment       0x000000000000007b       0x7c Drivers/STM32F1xx_HAL_Driver/Src/stm32f1xx_hal_pcd_ex.o
 .comment       0x000000000000007b       0x7c Drivers/STM32F1xx_HAL_Driver/Src/stm32f1xx_hal_rcc.o
 .comment       0x000000000000007b       0x7c Drivers/STM32F1xx_HAL_Driver/Src/stm32f1xx_hal_rcc_ex.o
 .comment       0x000000000000007b       0x7c Drivers/STM32F1xx_HAL_Driver/Src/stm32f1xx_hal_tim.o
 .comment       0x000000000000007b       0x7c Drivers/STM32F1xx_HAL_Driver/Src/stm32f1xx_hal_tim_ex.o
 .comment       0x000000000000007b       0x7c Drivers/STM32F1xx_HAL_Driver/Src/stm32f1xx_ll_usb.o
 .comment       0x000000000000007b       0x7c Middlewares/ST/STM32_USB_Device_Library/Class/CDC/Src/usbd_cdc.o
 .comment       0x000000000000007b       0x7c Middlewares/ST/STM32_USB_Device_Library/Core/Src/usbd_core.o
 .comment       0x000000000000007b       0x7c Middlewares/ST/STM32_USB_Device_Library/Core/Src/usbd_ctlreq.o
 .comment       0x000000000000007b       0x7c Middlewares/ST/STM32_USB_Device_Library/Core/Src/usbd_ioreq.o
 .comment       0x000000000000007b       0x7c Src/main.o
 .comment       0x000000000000007b       0x7c Src/nyh_mLoop.o
 .comment       0x000000000000007b       0x7c Src/stm32f1xx_hal_msp.o
 .comment       0x000000000000007b       0x7c Src/stm32f1xx_it.o
 .comment       0x000000000000007b       0x7c Src/system_stm32f1xx.o
 .comment       0x000000000000007b       0x7c Src/usb_device.o
 .comment       0x000000000000007b       0x7c Src/usbd_cdc_if.o
 .comment       0x000000000000007b       0x7c Src/usbd_conf.o
 .comment       0x000000000000007b       0x7c Src/usbd_desc.o

.debug_frame    0x0000000000000000     0x40d8
 .debug_frame   0x0000000000000000      0x334 Drivers/STM32F1xx_HAL_Driver/Src/stm32f1xx_hal.o
 .debug_frame   0x0000000000000334      0x428 Drivers/STM32F1xx_HAL_Driver/Src/stm32f1xx_hal_cortex.o
 .debug_frame   0x000000000000075c      0x14c Drivers/STM32F1xx_HAL_Driver/Src/stm32f1xx_hal_gpio.o
 .debug_frame   0x00000000000008a8      0x578 Drivers/STM32F1xx_HAL_Driver/Src/stm32f1xx_hal_pcd.o
 .debug_frame   0x0000000000000e20       0xb0 Drivers/STM32F1xx_HAL_Driver/Src/stm32f1xx_hal_pcd_ex.o
 .debug_frame   0x0000000000000ed0      0x21c Drivers/STM32F1xx_HAL_Driver/Src/stm32f1xx_hal_rcc.o
 .debug_frame   0x00000000000010ec       0x84 Drivers/STM32F1xx_HAL_Driver/Src/stm32f1xx_hal_rcc_ex.o
 .debug_frame   0x0000000000001170     0x11b8 Drivers/STM32F1xx_HAL_Driver/Src/stm32f1xx_hal_tim.o
 .debug_frame   0x0000000000002328      0x638 Drivers/STM32F1xx_HAL_Driver/Src/stm32f1xx_hal_tim_ex.o
 .debug_frame   0x0000000000002960      0x450 Drivers/STM32F1xx_HAL_Driver/Src/stm32f1xx_ll_usb.o
 .debug_frame   0x0000000000002db0      0x248 Middlewares/ST/STM32_USB_Device_Library/Class/CDC/Src/usbd_cdc.o
 .debug_frame   0x0000000000002ff8      0x300 Middlewares/ST/STM32_USB_Device_Library/Core/Src/usbd_core.o
 .debug_frame   0x00000000000032f8      0x218 Middlewares/ST/STM32_USB_Device_Library/Core/Src/usbd_ctlreq.o
 .debug_frame   0x0000000000003510      0x10c Middlewares/ST/STM32_USB_Device_Library/Core/Src/usbd_ioreq.o
 .debug_frame   0x000000000000361c       0xb8 Src/main.o
 .debug_frame   0x00000000000036d4       0x88 Src/nyh_mLoop.o
 .debug_frame   0x000000000000375c       0x80 Src/stm32f1xx_hal_msp.o
 .debug_frame   0x00000000000037dc      0x144 Src/stm32f1xx_it.o
 .debug_frame   0x0000000000003920       0x58 Src/system_stm32f1xx.o
 .debug_frame   0x0000000000003978       0x2c Src/usb_device.o
 .debug_frame   0x00000000000039a4       0xbc Src/usbd_cdc_if.o
 .debug_frame   0x0000000000003a60      0x4a4 Src/usbd_conf.o
 .debug_frame   0x0000000000003f04      0x160 Src/usbd_desc.o
 .debug_frame   0x0000000000004064       0x2c d:/0_program/stmicroelectronics/stm32cubeide_1.4.0/stm32cubeide/plugins/com.st.stm32cube.ide.mcu.externaltools.gnu-tools-for-stm32.7-2018-q2-update.win32_1.4.0.202007081208/tools/bin/../lib/gcc/arm-none-eabi/7.3.1/../../../../arm-none-eabi/lib/thumb/v7-m\libc_nano.a(lib_a-init.o)
 .debug_frame   0x0000000000004090       0x28 d:/0_program/stmicroelectronics/stm32cubeide_1.4.0/stm32cubeide/plugins/com.st.stm32cube.ide.mcu.externaltools.gnu-tools-for-stm32.7-2018-q2-update.win32_1.4.0.202007081208/tools/bin/../lib/gcc/arm-none-eabi/7.3.1/../../../../arm-none-eabi/lib/thumb/v7-m\libc_nano.a(lib_a-memcpy-stub.o)
 .debug_frame   0x00000000000040b8       0x20 d:/0_program/stmicroelectronics/stm32cubeide_1.4.0/stm32cubeide/plugins/com.st.stm32cube.ide.mcu.externaltools.gnu-tools-for-stm32.7-2018-q2-update.win32_1.4.0.202007081208/tools/bin/../lib/gcc/arm-none-eabi/7.3.1/../../../../arm-none-eabi/lib/thumb/v7-m\libc_nano.a(lib_a-memset.o)
